[ 16%] Built target vehicle_gps_position_listener
[ 33%] Built target frame_transforms
[ 33%] Built target ament_cmake_python_copy_px4_ros_com
[ 50%] Built target sensor_combined_listener
[ 66%] Built target offboard_control_srv
[ 83%] Built target offboard_control
[100%] Built target debug_vect_advertiser
running egg_info
writing px4_ros_com.egg-info/PKG-INFO
writing dependency_links to px4_ros_com.egg-info/dependency_links.txt
writing top-level names to px4_ros_com.egg-info/top_level.txt
reading manifest file 'px4_ros_com.egg-info/SOURCES.txt'
writing manifest file 'px4_ros_com.egg-info/SOURCES.txt'
[100%] Built target ament_cmake_python_build_px4_ros_com_egg
-- Install configuration: ""
-- Up-to-date: /home/atlas.linux/Documents/Orion/orion_arm/install/px4_ros_com/include/px4_ros_com
-- Up-to-date: /home/atlas.linux/Documents/Orion/orion_arm/install/px4_ros_com/lib/libframe_transforms.so
-- Up-to-date: /home/atlas.linux/Documents/Orion/orion_arm/install/px4_ros_com/share/px4_ros_com//launch
-- Up-to-date: /home/atlas.linux/Documents/Orion/orion_arm/install/px4_ros_com/share/px4_ros_com//config
-- Up-to-date: /home/atlas.linux/Documents/Orion/orion_arm/install/px4_ros_com/share/px4_ros_com//test
-- Up-to-date: /home/atlas.linux/Documents/Orion/orion_arm/install/px4_ros_com/local/lib/python3.10/dist-packages/px4_ros_com-0.1.0-py3.10.egg-info
-- Up-to-date: /home/atlas.linux/Documents/Orion/orion_arm/install/px4_ros_com/local/lib/python3.10/dist-packages/px4_ros_com
Listing '/home/atlas.linux/Documents/Orion/orion_arm/install/px4_ros_com/local/lib/python3.10/dist-packages/px4_ros_com'...
-- Installing: /home/atlas.linux/Documents/Orion/orion_arm/install/px4_ros_com/share/px4_ros_com/package.dsv
-- Up-to-date: /home/atlas.linux/Documents/Orion/orion_arm/install/px4_ros_com/share/px4_ros_com/cmake/export_frame_transformsExport.cmake
-- Up-to-date: /home/atlas.linux/Documents/Orion/orion_arm/install/px4_ros_com/share/px4_ros_com/cmake/export_frame_transformsExport-noconfig.cmake
