[0.008s] Invoking command in '/home/atlas.linux/Documents/Orion/orion_arm/build/px4_ros_com': CMAKE_PREFIX_PATH=/home/atlas.linux/Documents/Orion/orion_arm/install/px4_msgs:/home/atlas.linux/Documents/Orion/orion_arm/install/px4_ros_com:/opt/ros/humble LD_LIBRARY_PATH=/home/atlas.linux/Documents/Orion/orion_arm/install/px4_msgs/lib:/home/atlas.linux/Documents/Orion/orion_arm/install/px4_ros_com/lib:/opt/ros/humble/opt/rviz_ogre_vendor/lib:/opt/ros/humble/lib/aarch64-linux-gnu:/opt/ros/humble/lib /usr/bin/cmake --build /home/atlas.linux/Documents/Orion/orion_arm/build/px4_ros_com -- -j10 -l10
[0.041s] [ 16%] Built target vehicle_gps_position_listener
[0.042s] [ 33%] Built target frame_transforms
[0.044s] [ 33%] Built target ament_cmake_python_copy_px4_ros_com
[0.047s] [ 50%] Built target sensor_combined_listener
[0.047s] [ 66%] Built target offboard_control_srv
[0.047s] [ 83%] Built target offboard_control
[0.048s] [100%] Built target debug_vect_advertiser
[0.161s] running egg_info
[0.161s] writing px4_ros_com.egg-info/PKG-INFO
[0.161s] writing dependency_links to px4_ros_com.egg-info/dependency_links.txt
[0.161s] writing top-level names to px4_ros_com.egg-info/top_level.txt
[0.162s] reading manifest file 'px4_ros_com.egg-info/SOURCES.txt'
[0.162s] writing manifest file 'px4_ros_com.egg-info/SOURCES.txt'
[0.179s] [100%] Built target ament_cmake_python_build_px4_ros_com_egg
[0.185s] Invoked command in '/home/atlas.linux/Documents/Orion/orion_arm/build/px4_ros_com' returned '0': CMAKE_PREFIX_PATH=/home/atlas.linux/Documents/Orion/orion_arm/install/px4_msgs:/home/atlas.linux/Documents/Orion/orion_arm/install/px4_ros_com:/opt/ros/humble LD_LIBRARY_PATH=/home/atlas.linux/Documents/Orion/orion_arm/install/px4_msgs/lib:/home/atlas.linux/Documents/Orion/orion_arm/install/px4_ros_com/lib:/opt/ros/humble/opt/rviz_ogre_vendor/lib:/opt/ros/humble/lib/aarch64-linux-gnu:/opt/ros/humble/lib /usr/bin/cmake --build /home/atlas.linux/Documents/Orion/orion_arm/build/px4_ros_com -- -j10 -l10
[0.191s] Invoking command in '/home/atlas.linux/Documents/Orion/orion_arm/build/px4_ros_com': CMAKE_PREFIX_PATH=/home/atlas.linux/Documents/Orion/orion_arm/install/px4_msgs:/home/atlas.linux/Documents/Orion/orion_arm/install/px4_ros_com:/opt/ros/humble LD_LIBRARY_PATH=/home/atlas.linux/Documents/Orion/orion_arm/install/px4_msgs/lib:/home/atlas.linux/Documents/Orion/orion_arm/install/px4_ros_com/lib:/opt/ros/humble/opt/rviz_ogre_vendor/lib:/opt/ros/humble/lib/aarch64-linux-gnu:/opt/ros/humble/lib /usr/bin/cmake --install /home/atlas.linux/Documents/Orion/orion_arm/build/px4_ros_com
[0.195s] -- Install configuration: ""
[0.195s] -- Up-to-date: /home/atlas.linux/Documents/Orion/orion_arm/install/px4_ros_com/include/px4_ros_com
[0.195s] -- Up-to-date: /home/atlas.linux/Documents/Orion/orion_arm/install/px4_ros_com/lib/libframe_transforms.so
[0.195s] -- Up-to-date: /home/atlas.linux/Documents/Orion/orion_arm/install/px4_ros_com/share/px4_ros_com//launch
[0.195s] -- Up-to-date: /home/atlas.linux/Documents/Orion/orion_arm/install/px4_ros_com/share/px4_ros_com//config
[0.195s] -- Up-to-date: /home/atlas.linux/Documents/Orion/orion_arm/install/px4_ros_com/share/px4_ros_com//test
[0.195s] -- Up-to-date: /home/atlas.linux/Documents/Orion/orion_arm/install/px4_ros_com/local/lib/python3.10/dist-packages/px4_ros_com-0.1.0-py3.10.egg-info
[0.195s] -- Up-to-date: /home/atlas.linux/Documents/Orion/orion_arm/install/px4_ros_com/local/lib/python3.10/dist-packages/px4_ros_com
[0.212s] Listing '/home/atlas.linux/Documents/Orion/orion_arm/install/px4_ros_com/local/lib/python3.10/dist-packages/px4_ros_com'...
[0.215s] -- Installing: /home/atlas.linux/Documents/Orion/orion_arm/install/px4_ros_com/share/px4_ros_com/package.dsv
[0.216s] -- Up-to-date: /home/atlas.linux/Documents/Orion/orion_arm/install/px4_ros_com/share/px4_ros_com/cmake/export_frame_transformsExport.cmake
[0.216s] -- Up-to-date: /home/atlas.linux/Documents/Orion/orion_arm/install/px4_ros_com/share/px4_ros_com/cmake/export_frame_transformsExport-noconfig.cmake
[0.217s] Invoked command in '/home/atlas.linux/Documents/Orion/orion_arm/build/px4_ros_com' returned '0': CMAKE_PREFIX_PATH=/home/atlas.linux/Documents/Orion/orion_arm/install/px4_msgs:/home/atlas.linux/Documents/Orion/orion_arm/install/px4_ros_com:/opt/ros/humble LD_LIBRARY_PATH=/home/atlas.linux/Documents/Orion/orion_arm/install/px4_msgs/lib:/home/atlas.linux/Documents/Orion/orion_arm/install/px4_ros_com/lib:/opt/ros/humble/opt/rviz_ogre_vendor/lib:/opt/ros/humble/lib/aarch64-linux-gnu:/opt/ros/humble/lib /usr/bin/cmake --install /home/atlas.linux/Documents/Orion/orion_arm/build/px4_ros_com
