[0.008s] Invoking command in '/home/atlas.linux/Documents/Orion/orion_arm/build/px4_ros_com': AMENT_PREFIX_PATH=/home/atlas.linux/Documents/Orion/orion_arm/install/px4_msgs:${AMENT_PREFIX_PATH} CMAKE_PREFIX_PATH=/home/atlas.linux/Documents/Orion/orion_arm/install/px4_msgs:/opt/ros/humble LD_LIBRARY_PATH=/home/atlas.linux/Documents/Orion/orion_arm/install/px4_msgs/lib:${LD_LIBRARY_PATH} PYTHONPATH=/home/atlas.linux/Documents/Orion/orion_arm/install/px4_msgs/local/lib/python3.10/dist-packages:${PYTHONPATH} /usr/bin/cmake /home/atlas.linux/Documents/Orion/orion_arm/src/px4_ros_com -DCMAKE_INSTALL_PREFIX=/home/atlas.linux/Documents/Orion/orion_arm/install/px4_ros_com
[0.016s] -- Found ament_cmake: 1.3.12 (/opt/ros/humble/share/ament_cmake/cmake)
[0.084s] -- Override CMake install command with custom implementation using symlinks instead of copying resources
[0.088s] -- Found builtin_interfaces: 1.2.2 (/opt/ros/humble/share/builtin_interfaces/cmake)
[0.101s] -- Found rosidl_generator_c: 3.1.7 (/opt/ros/humble/share/rosidl_generator_c/cmake)
[0.102s] -- Found rosidl_adapter: 3.1.7 (/opt/ros/humble/share/rosidl_adapter/cmake)
[0.106s] -- Found rosidl_generator_cpp: 3.1.7 (/opt/ros/humble/share/rosidl_generator_cpp/cmake)
[0.111s] -- Using all available rosidl_typesupport_c: rosidl_typesupport_fastrtps_c;rosidl_typesupport_introspection_c
[0.118s] -- Using all available rosidl_typesupport_cpp: rosidl_typesupport_fastrtps_cpp;rosidl_typesupport_introspection_cpp
[0.123s] -- Found eigen3_cmake_module: 0.1.1 (/opt/ros/humble/share/eigen3_cmake_module/cmake)
[0.124s] -- Found geometry_msgs: 4.9.0 (/opt/ros/humble/share/geometry_msgs/cmake)
[0.138s] -- Found px4_msgs: 2.0.1 (/home/atlas.linux/Documents/Orion/orion_arm/install/px4_msgs/share/px4_msgs/cmake)
[0.144s] -- Found rclcpp: 16.0.14 (/opt/ros/humble/share/rclcpp/cmake)
[0.157s] -- Found rmw_implementation_cmake: 6.1.2 (/opt/ros/humble/share/rmw_implementation_cmake/cmake)
[0.157s] -- Found rmw_fastrtps_cpp: 6.2.8 (/opt/ros/humble/share/rmw_fastrtps_cpp/cmake)
[0.214s] -- Using RMW implementation 'rmw_fastrtps_cpp' as default
[0.233s] -- Found sensor_msgs: 4.9.0 (/opt/ros/humble/share/sensor_msgs/cmake)
[0.242s] -- Found rclpy: 3.3.17 (/opt/ros/humble/share/rclpy/cmake)
[0.242s] -- Found visualization_msgs: 4.9.0 (/opt/ros/humble/share/visualization_msgs/cmake)
[0.260s] -- Found ament_lint_auto: 0.12.14 (/opt/ros/humble/share/ament_lint_auto/cmake)
[0.298s] -- Added test 'copyright' to check source files copyright and LICENSE
[0.300s] -- Added test 'cppcheck' to perform static code analysis on C / C++ code
[0.303s] -- Configured cppcheck include dirs: /home/atlas.linux/Documents/Orion/orion_arm/src/px4_ros_com/include;$<BUILD_INTERFACE:/home/atlas.linux/Documents/Orion/orion_arm/src/px4_ros_com/include/px4_ros_com>
[0.303s] -- Configured cppcheck exclude dirs and/or files: 
[0.303s] -- Added test 'cpplint' to check C / C++ code against the Google style
[0.303s] -- Configured cpplint exclude dirs and/or files: 
[0.303s] -- Added test 'flake8' to check Python code syntax and style conventions
[0.303s] -- Added test 'lint_cmake' to check CMake code style
[0.304s] -- Added test 'pep257' to check Python code against some of the docstring style conventions in PEP 257
[0.306s] -- Added test 'uncrustify' to check C / C++ code style
[0.306s] -- Configured uncrustify additional arguments: 
[0.306s] -- Added test 'xmllint' to check XML markup files
[0.307s] -- Configuring done
[0.325s] -- Generating done
[0.330s] -- Build files have been written to: /home/atlas.linux/Documents/Orion/orion_arm/build/px4_ros_com
[0.335s] Invoked command in '/home/atlas.linux/Documents/Orion/orion_arm/build/px4_ros_com' returned '0': AMENT_PREFIX_PATH=/home/atlas.linux/Documents/Orion/orion_arm/install/px4_msgs:${AMENT_PREFIX_PATH} CMAKE_PREFIX_PATH=/home/atlas.linux/Documents/Orion/orion_arm/install/px4_msgs:/opt/ros/humble LD_LIBRARY_PATH=/home/atlas.linux/Documents/Orion/orion_arm/install/px4_msgs/lib:${LD_LIBRARY_PATH} PYTHONPATH=/home/atlas.linux/Documents/Orion/orion_arm/install/px4_msgs/local/lib/python3.10/dist-packages:${PYTHONPATH} /usr/bin/cmake /home/atlas.linux/Documents/Orion/orion_arm/src/px4_ros_com -DCMAKE_INSTALL_PREFIX=/home/atlas.linux/Documents/Orion/orion_arm/install/px4_ros_com
[0.336s] Invoking command in '/home/atlas.linux/Documents/Orion/orion_arm/build/px4_ros_com': AMENT_PREFIX_PATH=/home/atlas.linux/Documents/Orion/orion_arm/install/px4_msgs:${AMENT_PREFIX_PATH} CMAKE_PREFIX_PATH=/home/atlas.linux/Documents/Orion/orion_arm/install/px4_msgs:/opt/ros/humble LD_LIBRARY_PATH=/home/atlas.linux/Documents/Orion/orion_arm/install/px4_msgs/lib:${LD_LIBRARY_PATH} PYTHONPATH=/home/atlas.linux/Documents/Orion/orion_arm/install/px4_msgs/local/lib/python3.10/dist-packages:${PYTHONPATH} /usr/bin/cmake --build /home/atlas.linux/Documents/Orion/orion_arm/build/px4_ros_com -- -j10 -l10
[0.355s] [35m[1mConsolidate compiler generated dependencies of target vehicle_gps_position_listener[0m
[0.355s] [35m[1mConsolidate compiler generated dependencies of target frame_transforms[0m
[0.355s] [35m[1mConsolidate compiler generated dependencies of target offboard_control[0m
[0.355s] [35m[1mConsolidate compiler generated dependencies of target offboard_control_srv[0m
[0.355s] [35m[1mConsolidate compiler generated dependencies of target sensor_combined_listener[0m
[0.356s] [35m[1mConsolidate compiler generated dependencies of target debug_vect_advertiser[0m
[0.367s] [ 33%] Built target sensor_combined_listener
[0.367s] [ 33%] Built target debug_vect_advertiser
[0.367s] [ 50%] Built target vehicle_gps_position_listener
[0.367s] [ 83%] Built target frame_transforms
[0.367s] [ 83%] Built target offboard_control_srv
[0.367s] [ 83%] Built target ament_cmake_python_symlink_px4_ros_com
[0.378s] [100%] Built target offboard_control
[0.473s] running egg_info
[0.473s] writing px4_ros_com.egg-info/PKG-INFO
[0.473s] writing dependency_links to px4_ros_com.egg-info/dependency_links.txt
[0.473s] writing top-level names to px4_ros_com.egg-info/top_level.txt
[0.474s] reading manifest file 'px4_ros_com.egg-info/SOURCES.txt'
[0.475s] writing manifest file 'px4_ros_com.egg-info/SOURCES.txt'
[0.489s] [100%] Built target ament_cmake_python_build_px4_ros_com_egg
[0.495s] Invoked command in '/home/atlas.linux/Documents/Orion/orion_arm/build/px4_ros_com' returned '0': AMENT_PREFIX_PATH=/home/atlas.linux/Documents/Orion/orion_arm/install/px4_msgs:${AMENT_PREFIX_PATH} CMAKE_PREFIX_PATH=/home/atlas.linux/Documents/Orion/orion_arm/install/px4_msgs:/opt/ros/humble LD_LIBRARY_PATH=/home/atlas.linux/Documents/Orion/orion_arm/install/px4_msgs/lib:${LD_LIBRARY_PATH} PYTHONPATH=/home/atlas.linux/Documents/Orion/orion_arm/install/px4_msgs/local/lib/python3.10/dist-packages:${PYTHONPATH} /usr/bin/cmake --build /home/atlas.linux/Documents/Orion/orion_arm/build/px4_ros_com -- -j10 -l10
[0.499s] Invoking command in '/home/atlas.linux/Documents/Orion/orion_arm/build/px4_ros_com': AMENT_PREFIX_PATH=/home/atlas.linux/Documents/Orion/orion_arm/install/px4_msgs:${AMENT_PREFIX_PATH} CMAKE_PREFIX_PATH=/home/atlas.linux/Documents/Orion/orion_arm/install/px4_msgs:/opt/ros/humble LD_LIBRARY_PATH=/home/atlas.linux/Documents/Orion/orion_arm/install/px4_msgs/lib:${LD_LIBRARY_PATH} PYTHONPATH=/home/atlas.linux/Documents/Orion/orion_arm/install/px4_msgs/local/lib/python3.10/dist-packages:${PYTHONPATH} /usr/bin/cmake --install /home/atlas.linux/Documents/Orion/orion_arm/build/px4_ros_com
[0.502s] -- Install configuration: ""
[0.503s] -- Execute custom install script
[0.503s] -- Up-to-date symlink: /home/atlas.linux/Documents/Orion/orion_arm/install/px4_ros_com/lib/px4_ros_com/sensor_combined_listener
[0.503s] -- Up-to-date symlink: /home/atlas.linux/Documents/Orion/orion_arm/install/px4_ros_com/lib/px4_ros_com/vehicle_gps_position_listener
[0.503s] -- Up-to-date symlink: /home/atlas.linux/Documents/Orion/orion_arm/install/px4_ros_com/lib/px4_ros_com/debug_vect_advertiser
[0.503s] -- Up-to-date symlink: /home/atlas.linux/Documents/Orion/orion_arm/install/px4_ros_com/lib/px4_ros_com/offboard_control
[0.503s] -- Up-to-date symlink: /home/atlas.linux/Documents/Orion/orion_arm/install/px4_ros_com/lib/px4_ros_com/offboard_control_srv
[0.503s] -- Up-to-date symlink: /home/atlas.linux/Documents/Orion/orion_arm/install/px4_ros_com/share/px4_ros_com/environment/library_path.sh
[0.503s] -- Up-to-date symlink: /home/atlas.linux/Documents/Orion/orion_arm/install/px4_ros_com/share/px4_ros_com/environment/library_path.dsv
[0.504s] -- Up-to-date symlink: /home/atlas.linux/Documents/Orion/orion_arm/install/px4_ros_com/include/px4_ros_com/frame_transforms.h
[0.504s] -- Up-to-date symlink: /home/atlas.linux/Documents/Orion/orion_arm/install/px4_ros_com/share/px4_ros_com//launch/circle_trajectory.launch.py
[0.504s] -- Up-to-date symlink: /home/atlas.linux/Documents/Orion/orion_arm/install/px4_ros_com/share/px4_ros_com//launch/offboard_control_launch.yaml
[0.504s] -- Up-to-date symlink: /home/atlas.linux/Documents/Orion/orion_arm/install/px4_ros_com/share/px4_ros_com//launch/sensor_combined_listener.launch.py
[0.504s] -- Up-to-date symlink: /home/atlas.linux/Documents/Orion/orion_arm/install/px4_ros_com/share/px4_ros_com//config/circle_trajectory.rviz
[0.504s] -- Up-to-date symlink: /home/atlas.linux/Documents/Orion/orion_arm/install/px4_ros_com/share/px4_ros_com//test/__init__.py
[0.504s] -- Up-to-date symlink: /home/atlas.linux/Documents/Orion/orion_arm/install/px4_ros_com/share/px4_ros_com//test/pipeline_io_test.py
[0.504s] -- Up-to-date symlink: /home/atlas.linux/Documents/Orion/orion_arm/install/px4_ros_com/share/px4_ros_com//test/test_input.py
[0.504s] -- Up-to-date symlink: /home/atlas.linux/Documents/Orion/orion_arm/install/px4_ros_com/share/px4_ros_com//test/test_output.py
[0.504s] -- Up-to-date symlink: /home/atlas.linux/Documents/Orion/orion_arm/install/px4_ros_com/share/px4_ros_com/environment/pythonpath.sh
[0.504s] -- Up-to-date symlink: /home/atlas.linux/Documents/Orion/orion_arm/install/px4_ros_com/share/px4_ros_com/environment/pythonpath.dsv
[0.504s] -- Up-to-date symlink: /home/atlas.linux/Documents/Orion/orion_arm/install/px4_ros_com/local/lib/python3.10/dist-packages/px4_ros_com-0.1.0-py3.10.egg-info/PKG-INFO
[0.504s] -- Up-to-date symlink: /home/atlas.linux/Documents/Orion/orion_arm/install/px4_ros_com/local/lib/python3.10/dist-packages/px4_ros_com-0.1.0-py3.10.egg-info/SOURCES.txt
[0.504s] -- Up-to-date symlink: /home/atlas.linux/Documents/Orion/orion_arm/install/px4_ros_com/local/lib/python3.10/dist-packages/px4_ros_com-0.1.0-py3.10.egg-info/dependency_links.txt
[0.505s] -- Up-to-date symlink: /home/atlas.linux/Documents/Orion/orion_arm/install/px4_ros_com/local/lib/python3.10/dist-packages/px4_ros_com-0.1.0-py3.10.egg-info/top_level.txt
[0.505s] -- Up-to-date symlink: /home/atlas.linux/Documents/Orion/orion_arm/install/px4_ros_com/local/lib/python3.10/dist-packages/px4_ros_com/__init__.py
[0.505s] -- Up-to-date symlink: /home/atlas.linux/Documents/Orion/orion_arm/install/px4_ros_com/local/lib/python3.10/dist-packages/px4_ros_com/module_to_import.py
[0.505s] -- Up-to-date symlink: /home/atlas.linux/Documents/Orion/orion_arm/install/px4_ros_com/lib/px4_ros_com/offboard_control.py
[0.505s] -- Up-to-date symlink: /home/atlas.linux/Documents/Orion/orion_arm/install/px4_ros_com/lib/px4_ros_com/circle_trajectory_node.py
[0.505s] -- Up-to-date symlink: /home/atlas.linux/Documents/Orion/orion_arm/install/px4_ros_com/share/ament_index/resource_index/package_run_dependencies/px4_ros_com
[0.505s] -- Up-to-date symlink: /home/atlas.linux/Documents/Orion/orion_arm/install/px4_ros_com/share/ament_index/resource_index/parent_prefix_path/px4_ros_com
[0.505s] -- Up-to-date symlink: /home/atlas.linux/Documents/Orion/orion_arm/install/px4_ros_com/share/px4_ros_com/environment/ament_prefix_path.sh
[0.505s] -- Up-to-date symlink: /home/atlas.linux/Documents/Orion/orion_arm/install/px4_ros_com/share/px4_ros_com/environment/ament_prefix_path.dsv
[0.505s] -- Up-to-date symlink: /home/atlas.linux/Documents/Orion/orion_arm/install/px4_ros_com/share/px4_ros_com/environment/path.sh
[0.506s] -- Up-to-date symlink: /home/atlas.linux/Documents/Orion/orion_arm/install/px4_ros_com/share/px4_ros_com/environment/path.dsv
[0.506s] -- Up-to-date symlink: /home/atlas.linux/Documents/Orion/orion_arm/install/px4_ros_com/share/px4_ros_com/local_setup.bash
[0.506s] -- Up-to-date symlink: /home/atlas.linux/Documents/Orion/orion_arm/install/px4_ros_com/share/px4_ros_com/local_setup.sh
[0.506s] -- Up-to-date symlink: /home/atlas.linux/Documents/Orion/orion_arm/install/px4_ros_com/share/px4_ros_com/local_setup.zsh
[0.506s] -- Up-to-date symlink: /home/atlas.linux/Documents/Orion/orion_arm/install/px4_ros_com/share/px4_ros_com/local_setup.dsv
[0.506s] -- Symlinking: /home/atlas.linux/Documents/Orion/orion_arm/install/px4_ros_com/share/px4_ros_com/package.dsv
[0.510s] -- Up-to-date symlink: /home/atlas.linux/Documents/Orion/orion_arm/install/px4_ros_com/share/ament_index/resource_index/packages/px4_ros_com
[0.510s] -- Up-to-date symlink: /home/atlas.linux/Documents/Orion/orion_arm/install/px4_ros_com/share/px4_ros_com/cmake/ament_cmake_export_dependencies-extras.cmake
[0.510s] -- Up-to-date symlink: /home/atlas.linux/Documents/Orion/orion_arm/install/px4_ros_com/share/px4_ros_com/cmake/ament_cmake_export_targets-extras.cmake
[0.510s] -- Up-to-date symlink: /home/atlas.linux/Documents/Orion/orion_arm/install/px4_ros_com/share/px4_ros_com/cmake/ament_cmake_export_include_directories-extras.cmake
[0.510s] -- Up-to-date symlink: /home/atlas.linux/Documents/Orion/orion_arm/install/px4_ros_com/share/px4_ros_com/cmake/ament_cmake_export_libraries-extras.cmake
[0.510s] -- Up-to-date symlink: /home/atlas.linux/Documents/Orion/orion_arm/install/px4_ros_com/share/px4_ros_com/cmake/px4_ros_comConfig.cmake
[0.510s] -- Up-to-date symlink: /home/atlas.linux/Documents/Orion/orion_arm/install/px4_ros_com/share/px4_ros_com/cmake/px4_ros_comConfig-version.cmake
[0.510s] -- Up-to-date symlink: /home/atlas.linux/Documents/Orion/orion_arm/install/px4_ros_com/share/px4_ros_com/package.xml
[0.511s] -- Up-to-date: /home/atlas.linux/Documents/Orion/orion_arm/install/px4_ros_com/lib/libframe_transforms.so
[0.525s] Listing '/home/atlas.linux/Documents/Orion/orion_arm/install/px4_ros_com/local/lib/python3.10/dist-packages/px4_ros_com'...
[0.528s] -- Up-to-date: /home/atlas.linux/Documents/Orion/orion_arm/install/px4_ros_com/share/px4_ros_com/cmake/export_frame_transformsExport.cmake
[0.528s] -- Up-to-date: /home/atlas.linux/Documents/Orion/orion_arm/install/px4_ros_com/share/px4_ros_com/cmake/export_frame_transformsExport-noconfig.cmake
[0.529s] Invoked command in '/home/atlas.linux/Documents/Orion/orion_arm/build/px4_ros_com' returned '0': AMENT_PREFIX_PATH=/home/atlas.linux/Documents/Orion/orion_arm/install/px4_msgs:${AMENT_PREFIX_PATH} CMAKE_PREFIX_PATH=/home/atlas.linux/Documents/Orion/orion_arm/install/px4_msgs:/opt/ros/humble LD_LIBRARY_PATH=/home/atlas.linux/Documents/Orion/orion_arm/install/px4_msgs/lib:${LD_LIBRARY_PATH} PYTHONPATH=/home/atlas.linux/Documents/Orion/orion_arm/install/px4_msgs/local/lib/python3.10/dist-packages:${PYTHONPATH} /usr/bin/cmake --install /home/atlas.linux/Documents/Orion/orion_arm/build/px4_ros_com
