[0.005s] Invoking command in '/home/atlas.linux/Documents/Orion/orion_arm/build/px4_ros_com': AMENT_PREFIX_PATH=/home/atlas.linux/Documents/Orion/orion_arm/install/px4_msgs:${AMENT_PREFIX_PATH} CMAKE_PREFIX_PATH=/home/atlas.linux/Documents/Orion/orion_arm/install/px4_msgs:/home/atlas.linux/PX4-Autopilot/install/px4:/opt/ros/humble LD_LIBRARY_PATH=/home/atlas.linux/Documents/Orion/orion_arm/install/px4_msgs/lib:${LD_LIBRARY_PATH} PYTHONPATH=/home/atlas.linux/Documents/Orion/orion_arm/install/px4_msgs/local/lib/python3.10/dist-packages:${PYTHONPATH} /usr/bin/cmake /home/atlas.linux/Documents/Orion/orion_arm/src/px4_ros_com -DAMENT_CMAKE_SYMLINK_INSTALL=1 -DCMAKE_INSTALL_PREFIX=/home/atlas.linux/Documents/Orion/orion_arm/install/px4_ros_com
[0.033s] -- The C compiler identification is GNU 11.4.0
[0.061s] -- The CXX compiler identification is GNU 11.4.0
[0.065s] -- Detecting C compiler ABI info
[0.099s] -- Detecting C compiler ABI info - done
[0.102s] -- Check for working C compiler: /usr/bin/cc - skipped
[0.102s] -- Detecting C compile features
[0.103s] -- Detecting C compile features - done
[0.104s] -- Detecting CXX compiler ABI info
[0.146s] -- Detecting CXX compiler ABI info - done
[0.150s] -- Check for working CXX compiler: /usr/bin/c++ - skipped
[0.150s] -- Detecting CXX compile features
[0.151s] -- Detecting CXX compile features - done
[0.152s] -- Found ament_cmake: 1.3.12 (/opt/ros/humble/share/ament_cmake/cmake)
[0.226s] -- Found Python3: /usr/bin/python3 (found version "3.10.12") found components: Interpreter 
[0.258s] -- Override CMake install command with custom implementation using symlinks instead of copying resources
[0.269s] -- Found builtin_interfaces: 1.2.2 (/opt/ros/humble/share/builtin_interfaces/cmake)
[0.285s] -- Found rosidl_generator_c: 3.1.7 (/opt/ros/humble/share/rosidl_generator_c/cmake)
[0.288s] -- Found rosidl_adapter: 3.1.7 (/opt/ros/humble/share/rosidl_adapter/cmake)
[0.291s] -- Found rosidl_generator_cpp: 3.1.7 (/opt/ros/humble/share/rosidl_generator_cpp/cmake)
[0.297s] -- Using all available rosidl_typesupport_c: rosidl_typesupport_fastrtps_c;rosidl_typesupport_introspection_c
[0.304s] -- Using all available rosidl_typesupport_cpp: rosidl_typesupport_fastrtps_cpp;rosidl_typesupport_introspection_cpp
[0.312s] -- Found eigen3_cmake_module: 0.1.1 (/opt/ros/humble/share/eigen3_cmake_module/cmake)
[0.317s] -- Found Eigen3: TRUE (found version "3.4.0") 
[0.318s] -- Found geometry_msgs: 4.9.0 (/opt/ros/humble/share/geometry_msgs/cmake)
[0.334s] -- Found px4_msgs: 2.0.1 (/home/atlas.linux/Documents/Orion/orion_arm/install/px4_msgs/share/px4_msgs/cmake)
[0.341s] -- Found rclcpp: 16.0.14 (/opt/ros/humble/share/rclcpp/cmake)
[0.358s] -- Found rmw_implementation_cmake: 6.1.2 (/opt/ros/humble/share/rmw_implementation_cmake/cmake)
[0.360s] -- Found rmw_fastrtps_cpp: 6.2.8 (/opt/ros/humble/share/rmw_fastrtps_cpp/cmake)
[0.400s] -- Found OpenSSL: /usr/lib/aarch64-linux-gnu/libcrypto.so (found version "3.0.2")  
[0.415s] -- Found FastRTPS: /opt/ros/humble/include  
[0.436s] -- Using RMW implementation 'rmw_fastrtps_cpp' as default
[0.440s] -- Looking for pthread.h
[0.474s] -- Looking for pthread.h - found
[0.474s] -- Performing Test CMAKE_HAVE_LIBC_PTHREAD
[0.510s] -- Performing Test CMAKE_HAVE_LIBC_PTHREAD - Success
[0.510s] -- Found Threads: TRUE  
[0.532s] -- Found sensor_msgs: 4.9.0 (/opt/ros/humble/share/sensor_msgs/cmake)
[0.544s] -- Found rclpy: 3.3.17 (/opt/ros/humble/share/rclpy/cmake)
[0.550s] -- Found ament_lint_auto: 0.12.14 (/opt/ros/humble/share/ament_lint_auto/cmake)
[0.608s] -- Added test 'copyright' to check source files copyright and LICENSE
[0.611s] -- Added test 'cppcheck' to perform static code analysis on C / C++ code
[0.611s] -- Configured cppcheck include dirs: /home/atlas.linux/Documents/Orion/orion_arm/src/px4_ros_com/include;$<BUILD_INTERFACE:/home/atlas.linux/Documents/Orion/orion_arm/src/px4_ros_com/include/px4_ros_com>
[0.611s] -- Configured cppcheck exclude dirs and/or files: 
[0.613s] -- Added test 'cpplint' to check C / C++ code against the Google style
[0.613s] -- Configured cpplint exclude dirs and/or files: 
[0.614s] -- Added test 'flake8' to check Python code syntax and style conventions
[0.614s] -- Added test 'lint_cmake' to check CMake code style
[0.615s] -- Added test 'pep257' to check Python code against some of the docstring style conventions in PEP 257
[0.617s] -- Added test 'uncrustify' to check C / C++ code style
[0.617s] -- Configured uncrustify additional arguments: 
[0.617s] -- Added test 'xmllint' to check XML markup files
[0.619s] -- Configuring done
[0.630s] -- Generating done
[0.635s] -- Build files have been written to: /home/atlas.linux/Documents/Orion/orion_arm/build/px4_ros_com
[0.640s] Invoked command in '/home/atlas.linux/Documents/Orion/orion_arm/build/px4_ros_com' returned '0': AMENT_PREFIX_PATH=/home/atlas.linux/Documents/Orion/orion_arm/install/px4_msgs:${AMENT_PREFIX_PATH} CMAKE_PREFIX_PATH=/home/atlas.linux/Documents/Orion/orion_arm/install/px4_msgs:/home/atlas.linux/PX4-Autopilot/install/px4:/opt/ros/humble LD_LIBRARY_PATH=/home/atlas.linux/Documents/Orion/orion_arm/install/px4_msgs/lib:${LD_LIBRARY_PATH} PYTHONPATH=/home/atlas.linux/Documents/Orion/orion_arm/install/px4_msgs/local/lib/python3.10/dist-packages:${PYTHONPATH} /usr/bin/cmake /home/atlas.linux/Documents/Orion/orion_arm/src/px4_ros_com -DAMENT_CMAKE_SYMLINK_INSTALL=1 -DCMAKE_INSTALL_PREFIX=/home/atlas.linux/Documents/Orion/orion_arm/install/px4_ros_com
[0.642s] Invoking command in '/home/atlas.linux/Documents/Orion/orion_arm/build/px4_ros_com': AMENT_PREFIX_PATH=/home/atlas.linux/Documents/Orion/orion_arm/install/px4_msgs:${AMENT_PREFIX_PATH} CMAKE_PREFIX_PATH=/home/atlas.linux/Documents/Orion/orion_arm/install/px4_msgs:/home/atlas.linux/PX4-Autopilot/install/px4:/opt/ros/humble LD_LIBRARY_PATH=/home/atlas.linux/Documents/Orion/orion_arm/install/px4_msgs/lib:${LD_LIBRARY_PATH} PYTHONPATH=/home/atlas.linux/Documents/Orion/orion_arm/install/px4_msgs/local/lib/python3.10/dist-packages:${PYTHONPATH} /usr/bin/cmake --build /home/atlas.linux/Documents/Orion/orion_arm/build/px4_ros_com -- -j10 -l10
[0.666s] [  8%] [32mBuilding CXX object CMakeFiles/frame_transforms.dir/src/lib/frame_transforms.cpp.o[0m
[0.666s] [ 16%] [32mBuilding CXX object CMakeFiles/sensor_combined_listener.dir/src/examples/listeners/sensor_combined_listener.cpp.o[0m
[0.667s] [ 25%] [32mBuilding CXX object CMakeFiles/vehicle_gps_position_listener.dir/src/examples/listeners/vehicle_gps_position_listener.cpp.o[0m
[0.667s] [ 33%] [32mBuilding CXX object CMakeFiles/offboard_control_srv.dir/src/examples/offboard/offboard_control_srv.cpp.o[0m
[0.668s] [ 41%] [32mBuilding CXX object CMakeFiles/debug_vect_advertiser.dir/src/examples/advertisers/debug_vect_advertiser.cpp.o[0m
[0.670s] [ 41%] Built target ament_cmake_python_symlink_px4_ros_com
[0.671s] [ 50%] [32mBuilding CXX object CMakeFiles/offboard_control.dir/src/examples/offboard/offboard_control.cpp.o[0m
[0.789s] running egg_info
[0.789s] creating px4_ros_com.egg-info
[0.789s] writing px4_ros_com.egg-info/PKG-INFO
[0.789s] writing dependency_links to px4_ros_com.egg-info/dependency_links.txt
[0.790s] writing top-level names to px4_ros_com.egg-info/top_level.txt
[0.790s] writing manifest file 'px4_ros_com.egg-info/SOURCES.txt'
[0.791s] reading manifest file 'px4_ros_com.egg-info/SOURCES.txt'
[0.791s] writing manifest file 'px4_ros_com.egg-info/SOURCES.txt'
[0.806s] [ 50%] Built target ament_cmake_python_build_px4_ros_com_egg
[1.110s] In file included from [01m[K/usr/include/eigen3/Eigen/Core:214[m[K,
[1.110s]                  from [01m[K/usr/include/eigen3/Eigen/Dense:1[m[K,
[1.110s]                  from [01m[K/usr/include/eigen3/Eigen/Eigen:1[m[K,
[1.110s]                  from [01m[K/home/atlas.linux/Documents/Orion/orion_arm/src/px4_ros_com/include/px4_ros_com/frame_transforms.h:45[m[K,
[1.110s]                  from [01m[K/home/atlas.linux/Documents/Orion/orion_arm/src/px4_ros_com/src/lib/frame_transforms.cpp:41[m[K:
[1.110s] [01m[K/usr/include/eigen3/Eigen/src/Core/arch/NEON/PacketMath.h:[m[K In function ‘[01m[KPacket Eigen::internal::pload(const typename Eigen::internal::unpacket_traits<T>::type*) [with Packet = Eigen::internal::eigen_packet_wrapper<int, 2>; typename Eigen::internal::unpacket_traits<T>::type = signed char][m[K’:
[1.110s] [01m[K/usr/include/eigen3/Eigen/src/Core/arch/NEON/PacketMath.h:1671:9:[m[K [01;35m[Kwarning: [m[K‘[01m[Kvoid* memcpy(void*, const void*, size_t)[m[K’ copying an object of non-trivial type ‘[01m[KEigen::internal::Packet4c[m[K’ {aka ‘[01m[Kstruct Eigen::internal::eigen_packet_wrapper<int, 2>[m[K’} from an array of ‘[01m[Kconst int8_t[m[K’ {aka ‘[01m[Kconst signed char[m[K’} [[01;35m[K]8;;https://gcc.gnu.org/onlinedocs/gcc/Warning-Options.html#index-Wclass-memaccess-Wclass-memaccess]8;;[m[K]
[1.110s]  1671 |   [01;35m[Kmemcpy(&res, from, sizeof(Packet4c))[m[K;
[1.110s]       |   [01;35m[K~~~~~~^~~~~~~~~~~~~~~~~~~~~~~~~~~~~~[m[K
[1.110s] In file included from [01m[K/usr/include/eigen3/Eigen/Core:172[m[K,
[1.110s]                  from [01m[K/usr/include/eigen3/Eigen/Dense:1[m[K,
[1.110s]                  from [01m[K/usr/include/eigen3/Eigen/Eigen:1[m[K,
[1.110s]                  from [01m[K/home/atlas.linux/Documents/Orion/orion_arm/src/px4_ros_com/include/px4_ros_com/frame_transforms.h:45[m[K,
[1.110s]                  from [01m[K/home/atlas.linux/Documents/Orion/orion_arm/src/px4_ros_com/src/lib/frame_transforms.cpp:41[m[K:
[1.110s] [01m[K/usr/include/eigen3/Eigen/src/Core/GenericPacketMath.h:159:8:[m[K [01;36m[Knote: [m[K‘[01m[KEigen::internal::Packet4c[m[K’ {aka ‘[01m[Kstruct Eigen::internal::eigen_packet_wrapper<int, 2>[m[K’} declared here
[1.110s]   159 | struct [01;36m[Keigen_packet_wrapper[m[K
[1.110s]       |        [01;36m[K^~~~~~~~~~~~~~~~~~~~[m[K
[1.110s] In file included from [01m[K/usr/include/eigen3/Eigen/Core:214[m[K,
[1.110s]                  from [01m[K/usr/include/eigen3/Eigen/Dense:1[m[K,
[1.110s]                  from [01m[K/usr/include/eigen3/Eigen/Eigen:1[m[K,
[1.110s]                  from [01m[K/home/atlas.linux/Documents/Orion/orion_arm/src/px4_ros_com/include/px4_ros_com/frame_transforms.h:45[m[K,
[1.110s]                  from [01m[K/home/atlas.linux/Documents/Orion/orion_arm/src/px4_ros_com/src/lib/frame_transforms.cpp:41[m[K:
[1.110s] [01m[K/usr/include/eigen3/Eigen/src/Core/arch/NEON/PacketMath.h:[m[K In function ‘[01m[KPacket Eigen::internal::ploadu(const typename Eigen::internal::unpacket_traits<T>::type*) [with Packet = Eigen::internal::eigen_packet_wrapper<int, 2>; typename Eigen::internal::unpacket_traits<T>::type = signed char][m[K’:
[1.110s] [01m[K/usr/include/eigen3/Eigen/src/Core/arch/NEON/PacketMath.h:1716:9:[m[K [01;35m[Kwarning: [m[K‘[01m[Kvoid* memcpy(void*, const void*, size_t)[m[K’ copying an object of non-trivial type ‘[01m[KEigen::internal::Packet4c[m[K’ {aka ‘[01m[Kstruct Eigen::internal::eigen_packet_wrapper<int, 2>[m[K’} from an array of ‘[01m[Kconst int8_t[m[K’ {aka ‘[01m[Kconst signed char[m[K’} [[01;35m[K]8;;https://gcc.gnu.org/onlinedocs/gcc/Warning-Options.html#index-Wclass-memaccess-Wclass-memaccess]8;;[m[K]
[1.110s]  1716 |   [01;35m[Kmemcpy(&res, from, sizeof(Packet4c))[m[K;
[1.110s]       |   [01;35m[K~~~~~~^~~~~~~~~~~~~~~~~~~~~~~~~~~~~~[m[K
[1.110s] In file included from [01m[K/usr/include/eigen3/Eigen/Core:172[m[K,
[1.110s]                  from [01m[K/usr/include/eigen3/Eigen/Dense:1[m[K,
[1.111s]                  from [01m[K/usr/include/eigen3/Eigen/Eigen:1[m[K,
[1.111s]                  from [01m[K/home/atlas.linux/Documents/Orion/orion_arm/src/px4_ros_com/include/px4_ros_com/frame_transforms.h:45[m[K,
[1.111s]                  from [01m[K/home/atlas.linux/Documents/Orion/orion_arm/src/px4_ros_com/src/lib/frame_transforms.cpp:41[m[K:
[1.111s] [01m[K/usr/include/eigen3/Eigen/src/Core/GenericPacketMath.h:159:8:[m[K [01;36m[Knote: [m[K‘[01m[KEigen::internal::Packet4c[m[K’ {aka ‘[01m[Kstruct Eigen::internal::eigen_packet_wrapper<int, 2>[m[K’} declared here
[1.111s]   159 | struct [01;36m[Keigen_packet_wrapper[m[K
[1.111s]       |        [01;36m[K^~~~~~~~~~~~~~~~~~~~[m[K
[3.265s] [ 58%] [32m[1mLinking CXX executable debug_vect_advertiser[0m
[3.382s] [ 58%] Built target debug_vect_advertiser
[3.646s] [ 66%] [32m[1mLinking CXX executable offboard_control[0m
[3.765s] [ 66%] Built target offboard_control
[4.082s] [ 75%] [32m[1mLinking CXX executable offboard_control_srv[0m
[4.207s] [ 75%] Built target offboard_control_srv
[4.682s] [ 83%] [32m[1mLinking CXX shared library libframe_transforms.so[0m
[4.830s] [ 83%] Built target frame_transforms
[4.971s] [ 91%] [32m[1mLinking CXX executable sensor_combined_listener[0m
[4.996s] [100%] [32m[1mLinking CXX executable vehicle_gps_position_listener[0m
[5.184s] [100%] Built target sensor_combined_listener
[5.205s] [100%] Built target vehicle_gps_position_listener
[5.210s] Invoked command in '/home/atlas.linux/Documents/Orion/orion_arm/build/px4_ros_com' returned '0': AMENT_PREFIX_PATH=/home/atlas.linux/Documents/Orion/orion_arm/install/px4_msgs:${AMENT_PREFIX_PATH} CMAKE_PREFIX_PATH=/home/atlas.linux/Documents/Orion/orion_arm/install/px4_msgs:/home/atlas.linux/PX4-Autopilot/install/px4:/opt/ros/humble LD_LIBRARY_PATH=/home/atlas.linux/Documents/Orion/orion_arm/install/px4_msgs/lib:${LD_LIBRARY_PATH} PYTHONPATH=/home/atlas.linux/Documents/Orion/orion_arm/install/px4_msgs/local/lib/python3.10/dist-packages:${PYTHONPATH} /usr/bin/cmake --build /home/atlas.linux/Documents/Orion/orion_arm/build/px4_ros_com -- -j10 -l10
[5.212s] Invoking command in '/home/atlas.linux/Documents/Orion/orion_arm/build/px4_ros_com': AMENT_PREFIX_PATH=/home/atlas.linux/Documents/Orion/orion_arm/install/px4_msgs:${AMENT_PREFIX_PATH} CMAKE_PREFIX_PATH=/home/atlas.linux/Documents/Orion/orion_arm/install/px4_msgs:/home/atlas.linux/PX4-Autopilot/install/px4:/opt/ros/humble LD_LIBRARY_PATH=/home/atlas.linux/Documents/Orion/orion_arm/install/px4_msgs/lib:${LD_LIBRARY_PATH} PYTHONPATH=/home/atlas.linux/Documents/Orion/orion_arm/install/px4_msgs/local/lib/python3.10/dist-packages:${PYTHONPATH} /usr/bin/cmake --install /home/atlas.linux/Documents/Orion/orion_arm/build/px4_ros_com
[5.215s] -- Install configuration: ""
[5.215s] -- Execute custom install script
[5.215s] -- Symlinking: /home/atlas.linux/Documents/Orion/orion_arm/install/px4_ros_com/lib/px4_ros_com/sensor_combined_listener
[5.219s] -- Symlinking: /home/atlas.linux/Documents/Orion/orion_arm/install/px4_ros_com/lib/px4_ros_com/vehicle_gps_position_listener
[5.224s] -- Symlinking: /home/atlas.linux/Documents/Orion/orion_arm/install/px4_ros_com/lib/px4_ros_com/debug_vect_advertiser
[5.228s] -- Symlinking: /home/atlas.linux/Documents/Orion/orion_arm/install/px4_ros_com/lib/px4_ros_com/offboard_control
[5.231s] -- Symlinking: /home/atlas.linux/Documents/Orion/orion_arm/install/px4_ros_com/lib/px4_ros_com/offboard_control_srv
[5.235s] -- Symlinking: /home/atlas.linux/Documents/Orion/orion_arm/install/px4_ros_com/share/px4_ros_com/environment/library_path.sh
[5.239s] -- Symlinking: /home/atlas.linux/Documents/Orion/orion_arm/install/px4_ros_com/share/px4_ros_com/environment/library_path.dsv
[5.245s] -- Symlinking: /home/atlas.linux/Documents/Orion/orion_arm/install/px4_ros_com/include/px4_ros_com/frame_transforms.h
[5.249s] -- Symlinking: /home/atlas.linux/Documents/Orion/orion_arm/install/px4_ros_com/share/px4_ros_com//launch/offboard_control_launch.yaml
[5.253s] -- Symlinking: /home/atlas.linux/Documents/Orion/orion_arm/install/px4_ros_com/share/px4_ros_com//launch/sensor_combined_listener.launch.py
[5.257s] -- Symlinking: /home/atlas.linux/Documents/Orion/orion_arm/install/px4_ros_com/share/px4_ros_com//test/__init__.py
[5.260s] -- Symlinking: /home/atlas.linux/Documents/Orion/orion_arm/install/px4_ros_com/share/px4_ros_com//test/pipeline_io_test.py
[5.264s] -- Symlinking: /home/atlas.linux/Documents/Orion/orion_arm/install/px4_ros_com/share/px4_ros_com//test/test_input.py
[5.267s] -- Symlinking: /home/atlas.linux/Documents/Orion/orion_arm/install/px4_ros_com/share/px4_ros_com//test/test_output.py
[5.271s] -- Symlinking: /home/atlas.linux/Documents/Orion/orion_arm/install/px4_ros_com/share/px4_ros_com/environment/pythonpath.sh
[5.275s] -- Symlinking: /home/atlas.linux/Documents/Orion/orion_arm/install/px4_ros_com/share/px4_ros_com/environment/pythonpath.dsv
[5.279s] -- Symlinking: /home/atlas.linux/Documents/Orion/orion_arm/install/px4_ros_com/local/lib/python3.10/dist-packages/px4_ros_com-0.1.0-py3.10.egg-info/PKG-INFO
[5.283s] -- Symlinking: /home/atlas.linux/Documents/Orion/orion_arm/install/px4_ros_com/local/lib/python3.10/dist-packages/px4_ros_com-0.1.0-py3.10.egg-info/SOURCES.txt
[5.288s] -- Symlinking: /home/atlas.linux/Documents/Orion/orion_arm/install/px4_ros_com/local/lib/python3.10/dist-packages/px4_ros_com-0.1.0-py3.10.egg-info/dependency_links.txt
[5.292s] -- Symlinking: /home/atlas.linux/Documents/Orion/orion_arm/install/px4_ros_com/local/lib/python3.10/dist-packages/px4_ros_com-0.1.0-py3.10.egg-info/top_level.txt
[5.295s] -- Symlinking: /home/atlas.linux/Documents/Orion/orion_arm/install/px4_ros_com/local/lib/python3.10/dist-packages/px4_ros_com/__init__.py
[5.299s] -- Symlinking: /home/atlas.linux/Documents/Orion/orion_arm/install/px4_ros_com/local/lib/python3.10/dist-packages/px4_ros_com/module_to_import.py
[5.304s] -- Symlinking: /home/atlas.linux/Documents/Orion/orion_arm/install/px4_ros_com/lib/px4_ros_com/offboard_control.py
[5.308s] -- Symlinking: /home/atlas.linux/Documents/Orion/orion_arm/install/px4_ros_com/share/ament_index/resource_index/package_run_dependencies/px4_ros_com
[5.311s] -- Symlinking: /home/atlas.linux/Documents/Orion/orion_arm/install/px4_ros_com/share/ament_index/resource_index/parent_prefix_path/px4_ros_com
[5.315s] -- Symlinking: /home/atlas.linux/Documents/Orion/orion_arm/install/px4_ros_com/share/px4_ros_com/environment/ament_prefix_path.sh
[5.318s] -- Symlinking: /home/atlas.linux/Documents/Orion/orion_arm/install/px4_ros_com/share/px4_ros_com/environment/ament_prefix_path.dsv
[5.322s] -- Symlinking: /home/atlas.linux/Documents/Orion/orion_arm/install/px4_ros_com/share/px4_ros_com/environment/path.sh
[5.325s] -- Symlinking: /home/atlas.linux/Documents/Orion/orion_arm/install/px4_ros_com/share/px4_ros_com/environment/path.dsv
[5.329s] -- Symlinking: /home/atlas.linux/Documents/Orion/orion_arm/install/px4_ros_com/share/px4_ros_com/local_setup.bash
[5.332s] -- Symlinking: /home/atlas.linux/Documents/Orion/orion_arm/install/px4_ros_com/share/px4_ros_com/local_setup.sh
[5.336s] -- Symlinking: /home/atlas.linux/Documents/Orion/orion_arm/install/px4_ros_com/share/px4_ros_com/local_setup.zsh
[5.339s] -- Symlinking: /home/atlas.linux/Documents/Orion/orion_arm/install/px4_ros_com/share/px4_ros_com/local_setup.dsv
[5.343s] -- Symlinking: /home/atlas.linux/Documents/Orion/orion_arm/install/px4_ros_com/share/px4_ros_com/package.dsv
[5.347s] -- Symlinking: /home/atlas.linux/Documents/Orion/orion_arm/install/px4_ros_com/share/ament_index/resource_index/packages/px4_ros_com
[5.351s] -- Symlinking: /home/atlas.linux/Documents/Orion/orion_arm/install/px4_ros_com/share/px4_ros_com/cmake/ament_cmake_export_dependencies-extras.cmake
[5.355s] -- Symlinking: /home/atlas.linux/Documents/Orion/orion_arm/install/px4_ros_com/share/px4_ros_com/cmake/ament_cmake_export_targets-extras.cmake
[5.358s] -- Symlinking: /home/atlas.linux/Documents/Orion/orion_arm/install/px4_ros_com/share/px4_ros_com/cmake/ament_cmake_export_include_directories-extras.cmake
[5.362s] -- Symlinking: /home/atlas.linux/Documents/Orion/orion_arm/install/px4_ros_com/share/px4_ros_com/cmake/ament_cmake_export_libraries-extras.cmake
[5.367s] -- Symlinking: /home/atlas.linux/Documents/Orion/orion_arm/install/px4_ros_com/share/px4_ros_com/cmake/px4_ros_comConfig.cmake
[5.371s] -- Symlinking: /home/atlas.linux/Documents/Orion/orion_arm/install/px4_ros_com/share/px4_ros_com/cmake/px4_ros_comConfig-version.cmake
[5.375s] -- Symlinking: /home/atlas.linux/Documents/Orion/orion_arm/install/px4_ros_com/share/px4_ros_com/package.xml
[5.379s] -- Installing: /home/atlas.linux/Documents/Orion/orion_arm/install/px4_ros_com/lib/libframe_transforms.so
[5.381s] -- Set runtime path of "/home/atlas.linux/Documents/Orion/orion_arm/install/px4_ros_com/lib/libframe_transforms.so" to ""
[5.399s] Listing '/home/atlas.linux/Documents/Orion/orion_arm/install/px4_ros_com/local/lib/python3.10/dist-packages/px4_ros_com'...
[5.399s] Compiling '/home/atlas.linux/Documents/Orion/orion_arm/install/px4_ros_com/local/lib/python3.10/dist-packages/px4_ros_com/__init__.py'...
[5.399s] Compiling '/home/atlas.linux/Documents/Orion/orion_arm/install/px4_ros_com/local/lib/python3.10/dist-packages/px4_ros_com/module_to_import.py'...
[5.400s] -- Installing: /home/atlas.linux/Documents/Orion/orion_arm/install/px4_ros_com/share/px4_ros_com/cmake/export_frame_transformsExport.cmake
[5.400s] -- Installing: /home/atlas.linux/Documents/Orion/orion_arm/install/px4_ros_com/share/px4_ros_com/cmake/export_frame_transformsExport-noconfig.cmake
[5.401s] Invoked command in '/home/atlas.linux/Documents/Orion/orion_arm/build/px4_ros_com' returned '0': AMENT_PREFIX_PATH=/home/atlas.linux/Documents/Orion/orion_arm/install/px4_msgs:${AMENT_PREFIX_PATH} CMAKE_PREFIX_PATH=/home/atlas.linux/Documents/Orion/orion_arm/install/px4_msgs:/home/atlas.linux/PX4-Autopilot/install/px4:/opt/ros/humble LD_LIBRARY_PATH=/home/atlas.linux/Documents/Orion/orion_arm/install/px4_msgs/lib:${LD_LIBRARY_PATH} PYTHONPATH=/home/atlas.linux/Documents/Orion/orion_arm/install/px4_msgs/local/lib/python3.10/dist-packages:${PYTHONPATH} /usr/bin/cmake --install /home/atlas.linux/Documents/Orion/orion_arm/build/px4_ros_com
