[0.007s] Invoking command in '/home/atlas.linux/Documents/Orion/orion_arm/build/px4_ros_com': CMAKE_PREFIX_PATH=/home/atlas.linux/Documents/Orion/orion_arm/install/px4_msgs:/home/atlas.linux/Documents/Orion/orion_arm/install/px4_ros_com:/opt/ros/humble LD_LIBRARY_PATH=/home/atlas.linux/Documents/Orion/orion_arm/install/px4_msgs/lib:/home/atlas.linux/Documents/Orion/orion_arm/install/px4_ros_com/lib:/opt/ros/humble/opt/rviz_ogre_vendor/lib:/opt/ros/humble/lib/aarch64-linux-gnu:/opt/ros/humble/lib /usr/bin/cmake --build /home/atlas.linux/Documents/Orion/orion_arm/build/px4_ros_com -- -j10 -l10
[0.021s] -- Found ament_cmake: 1.3.12 (/opt/ros/humble/share/ament_cmake/cmake)
[0.087s] -- Found builtin_interfaces: 1.2.2 (/opt/ros/humble/share/builtin_interfaces/cmake)
[0.099s] -- Found rosidl_generator_c: 3.1.7 (/opt/ros/humble/share/rosidl_generator_c/cmake)
[0.101s] -- Found rosidl_adapter: 3.1.7 (/opt/ros/humble/share/rosidl_adapter/cmake)
[0.103s] -- Found rosidl_generator_cpp: 3.1.7 (/opt/ros/humble/share/rosidl_generator_cpp/cmake)
[0.108s] -- Using all available rosidl_typesupport_c: rosidl_typesupport_fastrtps_c;rosidl_typesupport_introspection_c
[0.114s] -- Using all available rosidl_typesupport_cpp: rosidl_typesupport_fastrtps_cpp;rosidl_typesupport_introspection_cpp
[0.119s] -- Found eigen3_cmake_module: 0.1.1 (/opt/ros/humble/share/eigen3_cmake_module/cmake)
[0.120s] -- Found geometry_msgs: 4.9.0 (/opt/ros/humble/share/geometry_msgs/cmake)
[0.133s] -- Found px4_msgs: 2.0.1 (/home/atlas.linux/Documents/Orion/orion_arm/install/px4_msgs/share/px4_msgs/cmake)
[0.139s] -- Found rclcpp: 16.0.14 (/opt/ros/humble/share/rclcpp/cmake)
[0.152s] -- Found rmw_implementation_cmake: 6.1.2 (/opt/ros/humble/share/rmw_implementation_cmake/cmake)
[0.152s] -- Found rmw_fastrtps_cpp: 6.2.8 (/opt/ros/humble/share/rmw_fastrtps_cpp/cmake)
[0.209s] -- Using RMW implementation 'rmw_fastrtps_cpp' as default
[0.228s] -- Found sensor_msgs: 4.9.0 (/opt/ros/humble/share/sensor_msgs/cmake)
[0.237s] -- Found rclpy: 3.3.17 (/opt/ros/humble/share/rclpy/cmake)
[0.237s] -- Found visualization_msgs: 4.9.0 (/opt/ros/humble/share/visualization_msgs/cmake)
[0.250s] -- Found ament_lint_auto: 0.12.14 (/opt/ros/humble/share/ament_lint_auto/cmake)
[0.284s] -- Added test 'copyright' to check source files copyright and LICENSE
[0.287s] -- Added test 'cppcheck' to perform static code analysis on C / C++ code
[0.287s] -- Configured cppcheck include dirs: /home/atlas.linux/Documents/Orion/orion_arm/src/px4_ros_com/include;$<BUILD_INTERFACE:/home/atlas.linux/Documents/Orion/orion_arm/src/px4_ros_com/include/px4_ros_com>
[0.287s] -- Configured cppcheck exclude dirs and/or files: 
[0.289s] -- Added test 'cpplint' to check C / C++ code against the Google style
[0.289s] -- Configured cpplint exclude dirs and/or files: 
[0.289s] -- Added test 'flake8' to check Python code syntax and style conventions
[0.290s] -- Added test 'lint_cmake' to check CMake code style
[0.291s] -- Added test 'pep257' to check Python code against some of the docstring style conventions in PEP 257
[0.293s] -- Added test 'uncrustify' to check C / C++ code style
[0.293s] -- Configured uncrustify additional arguments: 
[0.293s] -- Added test 'xmllint' to check XML markup files
[0.294s] -- Configuring done
[0.307s] -- Generating done
[0.312s] -- Build files have been written to: /home/atlas.linux/Documents/Orion/orion_arm/build/px4_ros_com
[0.326s] [35m[1mConsolidate compiler generated dependencies of target debug_vect_advertiser[0m
[0.326s] [35m[1mConsolidate compiler generated dependencies of target sensor_combined_listener[0m
[0.326s] [35m[1mConsolidate compiler generated dependencies of target vehicle_gps_position_listener[0m
[0.326s] [35m[1mConsolidate compiler generated dependencies of target frame_transforms[0m
[0.333s] [35m[1mConsolidate compiler generated dependencies of target offboard_control[0m
[0.334s] [35m[1mConsolidate compiler generated dependencies of target offboard_control_srv[0m
[0.336s] [ 16%] Built target frame_transforms
[0.336s] [ 33%] Built target debug_vect_advertiser
[0.336s] [ 50%] Built target sensor_combined_listener
[0.337s] [ 66%] Built target vehicle_gps_position_listener
[0.337s] [ 66%] Built target ament_cmake_python_copy_px4_ros_com
[0.345s] [ 83%] Built target offboard_control_srv
[0.349s] [100%] Built target offboard_control
[0.444s] running egg_info
[0.444s] writing px4_ros_com.egg-info/PKG-INFO
[0.444s] writing dependency_links to px4_ros_com.egg-info/dependency_links.txt
[0.444s] writing top-level names to px4_ros_com.egg-info/top_level.txt
[0.445s] reading manifest file 'px4_ros_com.egg-info/SOURCES.txt'
[0.445s] writing manifest file 'px4_ros_com.egg-info/SOURCES.txt'
[0.459s] [100%] Built target ament_cmake_python_build_px4_ros_com_egg
[0.465s] Invoked command in '/home/atlas.linux/Documents/Orion/orion_arm/build/px4_ros_com' returned '0': CMAKE_PREFIX_PATH=/home/atlas.linux/Documents/Orion/orion_arm/install/px4_msgs:/home/atlas.linux/Documents/Orion/orion_arm/install/px4_ros_com:/opt/ros/humble LD_LIBRARY_PATH=/home/atlas.linux/Documents/Orion/orion_arm/install/px4_msgs/lib:/home/atlas.linux/Documents/Orion/orion_arm/install/px4_ros_com/lib:/opt/ros/humble/opt/rviz_ogre_vendor/lib:/opt/ros/humble/lib/aarch64-linux-gnu:/opt/ros/humble/lib /usr/bin/cmake --build /home/atlas.linux/Documents/Orion/orion_arm/build/px4_ros_com -- -j10 -l10
[0.470s] Invoking command in '/home/atlas.linux/Documents/Orion/orion_arm/build/px4_ros_com': CMAKE_PREFIX_PATH=/home/atlas.linux/Documents/Orion/orion_arm/install/px4_msgs:/home/atlas.linux/Documents/Orion/orion_arm/install/px4_ros_com:/opt/ros/humble LD_LIBRARY_PATH=/home/atlas.linux/Documents/Orion/orion_arm/install/px4_msgs/lib:/home/atlas.linux/Documents/Orion/orion_arm/install/px4_ros_com/lib:/opt/ros/humble/opt/rviz_ogre_vendor/lib:/opt/ros/humble/lib/aarch64-linux-gnu:/opt/ros/humble/lib /usr/bin/cmake --install /home/atlas.linux/Documents/Orion/orion_arm/build/px4_ros_com
[0.473s] -- Install configuration: ""
[0.473s] -- Up-to-date: /home/atlas.linux/Documents/Orion/orion_arm/install/px4_ros_com/include/px4_ros_com
[0.473s] -- Up-to-date: /home/atlas.linux/Documents/Orion/orion_arm/install/px4_ros_com/lib/libframe_transforms.so
[0.473s] -- Up-to-date: /home/atlas.linux/Documents/Orion/orion_arm/install/px4_ros_com/share/px4_ros_com//launch
[0.473s] -- Up-to-date: /home/atlas.linux/Documents/Orion/orion_arm/install/px4_ros_com/share/px4_ros_com//config
[0.473s] -- Up-to-date: /home/atlas.linux/Documents/Orion/orion_arm/install/px4_ros_com/share/px4_ros_com//test
[0.473s] -- Up-to-date: /home/atlas.linux/Documents/Orion/orion_arm/install/px4_ros_com/local/lib/python3.10/dist-packages/px4_ros_com-0.1.0-py3.10.egg-info
[0.473s] -- Up-to-date: /home/atlas.linux/Documents/Orion/orion_arm/install/px4_ros_com/local/lib/python3.10/dist-packages/px4_ros_com
[0.489s] Listing '/home/atlas.linux/Documents/Orion/orion_arm/install/px4_ros_com/local/lib/python3.10/dist-packages/px4_ros_com'...
[0.491s] -- Installing: /home/atlas.linux/Documents/Orion/orion_arm/install/px4_ros_com/share/px4_ros_com/package.dsv
[0.492s] -- Up-to-date: /home/atlas.linux/Documents/Orion/orion_arm/install/px4_ros_com/share/px4_ros_com/cmake/export_frame_transformsExport.cmake
[0.492s] -- Up-to-date: /home/atlas.linux/Documents/Orion/orion_arm/install/px4_ros_com/share/px4_ros_com/cmake/export_frame_transformsExport-noconfig.cmake
[0.493s] Invoked command in '/home/atlas.linux/Documents/Orion/orion_arm/build/px4_ros_com' returned '0': CMAKE_PREFIX_PATH=/home/atlas.linux/Documents/Orion/orion_arm/install/px4_msgs:/home/atlas.linux/Documents/Orion/orion_arm/install/px4_ros_com:/opt/ros/humble LD_LIBRARY_PATH=/home/atlas.linux/Documents/Orion/orion_arm/install/px4_msgs/lib:/home/atlas.linux/Documents/Orion/orion_arm/install/px4_ros_com/lib:/opt/ros/humble/opt/rviz_ogre_vendor/lib:/opt/ros/humble/lib/aarch64-linux-gnu:/opt/ros/humble/lib /usr/bin/cmake --install /home/atlas.linux/Documents/Orion/orion_arm/build/px4_ros_com
