[0.050s] DEBUG:colcon:Command line arguments: ['/usr/bin/colcon', 'build', '--packages-select', 'px4_ros_com']
[0.050s] DEBUG:colcon:Parsed command line arguments: Namespace(log_base=None, log_level=None, verb_name='build', build_base='build', install_base='install', merge_install=False, symlink_install=False, test_result_base=None, continue_on_error=False, executor='parallel', parallel_workers=10, event_handlers=None, ignore_user_meta=False, metas=['./colcon.meta'], base_paths=['.'], packages_ignore=None, packages_ignore_regex=None, paths=None, packages_up_to=None, packages_up_to_regex=None, packages_above=None, packages_above_and_dependencies=None, packages_above_depth=None, packages_select_by_dep=None, packages_skip_by_dep=None, packages_skip_up_to=None, packages_select_build_failed=False, packages_skip_build_finished=False, packages_select_test_failures=False, packages_skip_test_passed=False, packages_select=['px4_ros_com'], packages_skip=None, packages_select_regex=None, packages_skip_regex=None, packages_start=None, packages_end=None, allow_overriding=[], cmake_args=None, cmake_target=None, cmake_target_skip_unavailable=False, cmake_clean_cache=False, cmake_clean_first=False, cmake_force_configure=False, ament_cmake_args=None, catkin_cmake_args=None, catkin_skip_building_tests=False, verb_parser=<colcon_defaults.argument_parser.defaults.DefaultArgumentsDecorator object at 0xffffa06785b0>, verb_extension=<colcon_core.verb.build.BuildVerb object at 0xffffa064bf70>, main=<bound method BuildVerb.main of <colcon_core.verb.build.BuildVerb object at 0xffffa064bf70>>)
[0.128s] Level 1:colcon.colcon_core.package_discovery:discover_packages(colcon_meta) check parameters
[0.128s] Level 1:colcon.colcon_core.package_discovery:discover_packages(recursive) check parameters
[0.128s] Level 1:colcon.colcon_core.package_discovery:discover_packages(ignore) check parameters
[0.128s] Level 1:colcon.colcon_core.package_discovery:discover_packages(path) check parameters
[0.128s] Level 1:colcon.colcon_core.package_discovery:discover_packages(colcon_meta) discover
[0.128s] Level 1:colcon.colcon_core.package_discovery:discover_packages(recursive) discover
[0.128s] INFO:colcon.colcon_core.package_discovery:Crawling recursively for packages in '/home/atlas.linux/Documents/Orion/orion_arm'
[0.128s] Level 1:colcon.colcon_core.package_identification:_identify(.) by extensions ['ignore', 'ignore_ament_install']
[0.128s] Level 1:colcon.colcon_core.package_identification:_identify(.) by extension 'ignore'
[0.128s] Level 1:colcon.colcon_core.package_identification:_identify(.) by extension 'ignore_ament_install'
[0.128s] Level 1:colcon.colcon_core.package_identification:_identify(.) by extensions ['colcon_pkg']
[0.128s] Level 1:colcon.colcon_core.package_identification:_identify(.) by extension 'colcon_pkg'
[0.128s] Level 1:colcon.colcon_core.package_identification:_identify(.) by extensions ['colcon_meta']
[0.128s] Level 1:colcon.colcon_core.package_identification:_identify(.) by extension 'colcon_meta'
[0.128s] Level 1:colcon.colcon_core.package_identification:_identify(.) by extensions ['ros']
[0.128s] Level 1:colcon.colcon_core.package_identification:_identify(.) by extension 'ros'
[0.135s] Level 1:colcon.colcon_core.package_identification:_identify(.) by extensions ['cmake', 'python']
[0.135s] Level 1:colcon.colcon_core.package_identification:_identify(.) by extension 'cmake'
[0.135s] Level 1:colcon.colcon_core.package_identification:_identify(.) by extension 'python'
[0.135s] Level 1:colcon.colcon_core.package_identification:_identify(.) by extensions ['python_setup_py']
[0.135s] Level 1:colcon.colcon_core.package_identification:_identify(.) by extension 'python_setup_py'
[0.135s] Level 1:colcon.colcon_core.package_identification:_identify(build) by extensions ['ignore', 'ignore_ament_install']
[0.135s] Level 1:colcon.colcon_core.package_identification:_identify(build) by extension 'ignore'
[0.135s] Level 1:colcon.colcon_core.package_identification:_identify(build) ignored
[0.135s] Level 1:colcon.colcon_core.package_identification:_identify(install) by extensions ['ignore', 'ignore_ament_install']
[0.135s] Level 1:colcon.colcon_core.package_identification:_identify(install) by extension 'ignore'
[0.135s] Level 1:colcon.colcon_core.package_identification:_identify(install) ignored
[0.135s] Level 1:colcon.colcon_core.package_identification:_identify(log) by extensions ['ignore', 'ignore_ament_install']
[0.135s] Level 1:colcon.colcon_core.package_identification:_identify(log) by extension 'ignore'
[0.135s] Level 1:colcon.colcon_core.package_identification:_identify(log) ignored
[0.135s] Level 1:colcon.colcon_core.package_identification:_identify(src) by extensions ['ignore', 'ignore_ament_install']
[0.135s] Level 1:colcon.colcon_core.package_identification:_identify(src) by extension 'ignore'
[0.135s] Level 1:colcon.colcon_core.package_identification:_identify(src) by extension 'ignore_ament_install'
[0.135s] Level 1:colcon.colcon_core.package_identification:_identify(src) by extensions ['colcon_pkg']
[0.135s] Level 1:colcon.colcon_core.package_identification:_identify(src) by extension 'colcon_pkg'
[0.135s] Level 1:colcon.colcon_core.package_identification:_identify(src) by extensions ['colcon_meta']
[0.135s] Level 1:colcon.colcon_core.package_identification:_identify(src) by extension 'colcon_meta'
[0.135s] Level 1:colcon.colcon_core.package_identification:_identify(src) by extensions ['ros']
[0.135s] Level 1:colcon.colcon_core.package_identification:_identify(src) by extension 'ros'
[0.135s] Level 1:colcon.colcon_core.package_identification:_identify(src) by extensions ['cmake', 'python']
[0.135s] Level 1:colcon.colcon_core.package_identification:_identify(src) by extension 'cmake'
[0.135s] Level 1:colcon.colcon_core.package_identification:_identify(src) by extension 'python'
[0.135s] Level 1:colcon.colcon_core.package_identification:_identify(src) by extensions ['python_setup_py']
[0.135s] Level 1:colcon.colcon_core.package_identification:_identify(src) by extension 'python_setup_py'
[0.135s] Level 1:colcon.colcon_core.package_identification:_identify(src/px4_msgs) by extensions ['ignore', 'ignore_ament_install']
[0.135s] Level 1:colcon.colcon_core.package_identification:_identify(src/px4_msgs) by extension 'ignore'
[0.135s] Level 1:colcon.colcon_core.package_identification:_identify(src/px4_msgs) by extension 'ignore_ament_install'
[0.135s] Level 1:colcon.colcon_core.package_identification:_identify(src/px4_msgs) by extensions ['colcon_pkg']
[0.135s] Level 1:colcon.colcon_core.package_identification:_identify(src/px4_msgs) by extension 'colcon_pkg'
[0.135s] Level 1:colcon.colcon_core.package_identification:_identify(src/px4_msgs) by extensions ['colcon_meta']
[0.135s] Level 1:colcon.colcon_core.package_identification:_identify(src/px4_msgs) by extension 'colcon_meta'
[0.135s] Level 1:colcon.colcon_core.package_identification:_identify(src/px4_msgs) by extensions ['ros']
[0.135s] Level 1:colcon.colcon_core.package_identification:_identify(src/px4_msgs) by extension 'ros'
[0.137s] DEBUG:colcon.colcon_core.package_identification:Package 'src/px4_msgs' with type 'ros.ament_cmake' and name 'px4_msgs'
[0.137s] Level 1:colcon.colcon_core.package_identification:_identify(src/px4_ros_com) by extensions ['ignore', 'ignore_ament_install']
[0.137s] Level 1:colcon.colcon_core.package_identification:_identify(src/px4_ros_com) by extension 'ignore'
[0.137s] Level 1:colcon.colcon_core.package_identification:_identify(src/px4_ros_com) by extension 'ignore_ament_install'
[0.137s] Level 1:colcon.colcon_core.package_identification:_identify(src/px4_ros_com) by extensions ['colcon_pkg']
[0.137s] Level 1:colcon.colcon_core.package_identification:_identify(src/px4_ros_com) by extension 'colcon_pkg'
[0.137s] Level 1:colcon.colcon_core.package_identification:_identify(src/px4_ros_com) by extensions ['colcon_meta']
[0.137s] Level 1:colcon.colcon_core.package_identification:_identify(src/px4_ros_com) by extension 'colcon_meta'
[0.137s] Level 1:colcon.colcon_core.package_identification:_identify(src/px4_ros_com) by extensions ['ros']
[0.137s] Level 1:colcon.colcon_core.package_identification:_identify(src/px4_ros_com) by extension 'ros'
[0.137s] DEBUG:colcon.colcon_core.package_identification:Package 'src/px4_ros_com' with type 'ros.ament_cmake' and name 'px4_ros_com'
[0.137s] Level 1:colcon.colcon_core.package_discovery:discover_packages(recursive) using defaults
[0.137s] Level 1:colcon.colcon_core.package_discovery:discover_packages(ignore) discover
[0.137s] Level 1:colcon.colcon_core.package_discovery:discover_packages(ignore) using defaults
[0.137s] Level 1:colcon.colcon_core.package_discovery:discover_packages(path) discover
[0.137s] Level 1:colcon.colcon_core.package_discovery:discover_packages(path) using defaults
[0.148s] INFO:colcon.colcon_core.package_selection:Skipping not selected package 'px4_msgs' in 'src/px4_msgs'
[0.148s] Level 1:colcon.colcon_core.package_discovery:discover_packages(prefix_path) check parameters
[0.148s] Level 1:colcon.colcon_core.package_discovery:discover_packages(prefix_path) discover
[0.149s] DEBUG:colcon.colcon_installed_package_information.package_discovery:Found 271 installed packages in /opt/ros/humble
[0.155s] Level 1:colcon.colcon_core.package_discovery:discover_packages(prefix_path) using defaults
[0.173s] Level 5:colcon.colcon_core.verb:set package 'px4_ros_com' build argument 'cmake_args' from command line to 'None'
[0.173s] Level 5:colcon.colcon_core.verb:set package 'px4_ros_com' build argument 'cmake_target' from command line to 'None'
[0.173s] Level 5:colcon.colcon_core.verb:set package 'px4_ros_com' build argument 'cmake_target_skip_unavailable' from command line to 'False'
[0.173s] Level 5:colcon.colcon_core.verb:set package 'px4_ros_com' build argument 'cmake_clean_cache' from command line to 'False'
[0.173s] Level 5:colcon.colcon_core.verb:set package 'px4_ros_com' build argument 'cmake_clean_first' from command line to 'False'
[0.173s] Level 5:colcon.colcon_core.verb:set package 'px4_ros_com' build argument 'cmake_force_configure' from command line to 'False'
[0.173s] Level 5:colcon.colcon_core.verb:set package 'px4_ros_com' build argument 'ament_cmake_args' from command line to 'None'
[0.173s] Level 5:colcon.colcon_core.verb:set package 'px4_ros_com' build argument 'catkin_cmake_args' from command line to 'None'
[0.173s] Level 5:colcon.colcon_core.verb:set package 'px4_ros_com' build argument 'catkin_skip_building_tests' from command line to 'False'
[0.173s] DEBUG:colcon.colcon_core.verb:Building package 'px4_ros_com' with the following arguments: {'ament_cmake_args': None, 'build_base': '/home/atlas.linux/Documents/Orion/orion_arm/build/px4_ros_com', 'catkin_cmake_args': None, 'catkin_skip_building_tests': False, 'cmake_args': None, 'cmake_clean_cache': False, 'cmake_clean_first': False, 'cmake_force_configure': False, 'cmake_target': None, 'cmake_target_skip_unavailable': False, 'install_base': '/home/atlas.linux/Documents/Orion/orion_arm/install/px4_ros_com', 'merge_install': False, 'path': '/home/atlas.linux/Documents/Orion/orion_arm/src/px4_ros_com', 'symlink_install': False, 'test_result_base': None}
[0.173s] INFO:colcon.colcon_core.executor:Executing jobs using 'parallel' executor
[0.174s] DEBUG:colcon.colcon_parallel_executor.executor.parallel:run_until_complete
[0.174s] INFO:colcon.colcon_ros.task.ament_cmake.build:Building ROS package in '/home/atlas.linux/Documents/Orion/orion_arm/src/px4_ros_com' with build type 'ament_cmake'
[0.174s] INFO:colcon.colcon_cmake.task.cmake.build:Building CMake package in '/home/atlas.linux/Documents/Orion/orion_arm/src/px4_ros_com'
[0.175s] INFO:colcon.colcon_core.plugin_system:Skipping extension 'colcon_core.shell.bat': Not used on non-Windows systems
[0.175s] INFO:colcon.colcon_core.shell:Skip shell extension 'powershell' for command environment: Not usable outside of PowerShell
[0.175s] DEBUG:colcon.colcon_core.shell:Skip shell extension 'dsv' for command environment
[0.181s] DEBUG:colcon.colcon_core.event_handler.log_command:Invoking command in '/home/atlas.linux/Documents/Orion/orion_arm/build/px4_ros_com': AMENT_PREFIX_PATH=/home/atlas.linux/Documents/Orion/orion_arm/install/px4_msgs:${AMENT_PREFIX_PATH} CMAKE_PREFIX_PATH=/home/atlas.linux/Documents/Orion/orion_arm/install/px4_msgs:/opt/ros/humble LD_LIBRARY_PATH=/home/atlas.linux/Documents/Orion/orion_arm/install/px4_msgs/lib:${LD_LIBRARY_PATH} PYTHONPATH=/home/atlas.linux/Documents/Orion/orion_arm/install/px4_msgs/local/lib/python3.10/dist-packages:${PYTHONPATH} /usr/bin/cmake --build /home/atlas.linux/Documents/Orion/orion_arm/build/px4_ros_com -- -j10 -l10
[0.356s] DEBUG:colcon.colcon_core.event_handler.log_command:Invoked command in '/home/atlas.linux/Documents/Orion/orion_arm/build/px4_ros_com' returned '0': AMENT_PREFIX_PATH=/home/atlas.linux/Documents/Orion/orion_arm/install/px4_msgs:${AMENT_PREFIX_PATH} CMAKE_PREFIX_PATH=/home/atlas.linux/Documents/Orion/orion_arm/install/px4_msgs:/opt/ros/humble LD_LIBRARY_PATH=/home/atlas.linux/Documents/Orion/orion_arm/install/px4_msgs/lib:${LD_LIBRARY_PATH} PYTHONPATH=/home/atlas.linux/Documents/Orion/orion_arm/install/px4_msgs/local/lib/python3.10/dist-packages:${PYTHONPATH} /usr/bin/cmake --build /home/atlas.linux/Documents/Orion/orion_arm/build/px4_ros_com -- -j10 -l10
[0.361s] DEBUG:colcon.colcon_core.event_handler.log_command:Invoking command in '/home/atlas.linux/Documents/Orion/orion_arm/build/px4_ros_com': AMENT_PREFIX_PATH=/home/atlas.linux/Documents/Orion/orion_arm/install/px4_msgs:${AMENT_PREFIX_PATH} CMAKE_PREFIX_PATH=/home/atlas.linux/Documents/Orion/orion_arm/install/px4_msgs:/opt/ros/humble LD_LIBRARY_PATH=/home/atlas.linux/Documents/Orion/orion_arm/install/px4_msgs/lib:${LD_LIBRARY_PATH} PYTHONPATH=/home/atlas.linux/Documents/Orion/orion_arm/install/px4_msgs/local/lib/python3.10/dist-packages:${PYTHONPATH} /usr/bin/cmake --install /home/atlas.linux/Documents/Orion/orion_arm/build/px4_ros_com
[0.385s] Level 1:colcon.colcon_core.environment:create_environment_scripts_only(px4_ros_com)
[0.386s] DEBUG:colcon.colcon_core.event_handler.log_command:Invoked command in '/home/atlas.linux/Documents/Orion/orion_arm/build/px4_ros_com' returned '0': AMENT_PREFIX_PATH=/home/atlas.linux/Documents/Orion/orion_arm/install/px4_msgs:${AMENT_PREFIX_PATH} CMAKE_PREFIX_PATH=/home/atlas.linux/Documents/Orion/orion_arm/install/px4_msgs:/opt/ros/humble LD_LIBRARY_PATH=/home/atlas.linux/Documents/Orion/orion_arm/install/px4_msgs/lib:${LD_LIBRARY_PATH} PYTHONPATH=/home/atlas.linux/Documents/Orion/orion_arm/install/px4_msgs/local/lib/python3.10/dist-packages:${PYTHONPATH} /usr/bin/cmake --install /home/atlas.linux/Documents/Orion/orion_arm/build/px4_ros_com
[0.387s] Level 1:colcon.colcon_core.environment:checking '/home/atlas.linux/Documents/Orion/orion_arm/install/px4_ros_com' for CMake module files
[0.387s] Level 1:colcon.colcon_core.environment:checking '/home/atlas.linux/Documents/Orion/orion_arm/install/px4_ros_com' for CMake config files
[0.388s] Level 1:colcon.colcon_core.shell:create_environment_hook('px4_ros_com', 'cmake_prefix_path')
[0.388s] INFO:colcon.colcon_core.shell:Creating environment hook '/home/atlas.linux/Documents/Orion/orion_arm/install/px4_ros_com/share/px4_ros_com/hook/cmake_prefix_path.ps1'
[0.388s] INFO:colcon.colcon_core.shell:Creating environment descriptor '/home/atlas.linux/Documents/Orion/orion_arm/install/px4_ros_com/share/px4_ros_com/hook/cmake_prefix_path.dsv'
[0.388s] INFO:colcon.colcon_core.shell:Creating environment hook '/home/atlas.linux/Documents/Orion/orion_arm/install/px4_ros_com/share/px4_ros_com/hook/cmake_prefix_path.sh'
[0.389s] Level 1:colcon.colcon_core.environment:checking '/home/atlas.linux/Documents/Orion/orion_arm/install/px4_ros_com/lib'
[0.389s] Level 1:colcon.colcon_core.shell:create_environment_hook('px4_ros_com', 'ld_library_path_lib')
[0.389s] INFO:colcon.colcon_core.shell:Creating environment hook '/home/atlas.linux/Documents/Orion/orion_arm/install/px4_ros_com/share/px4_ros_com/hook/ld_library_path_lib.ps1'
[0.389s] INFO:colcon.colcon_core.shell:Creating environment descriptor '/home/atlas.linux/Documents/Orion/orion_arm/install/px4_ros_com/share/px4_ros_com/hook/ld_library_path_lib.dsv'
[0.389s] INFO:colcon.colcon_core.shell:Creating environment hook '/home/atlas.linux/Documents/Orion/orion_arm/install/px4_ros_com/share/px4_ros_com/hook/ld_library_path_lib.sh'
[0.389s] Level 1:colcon.colcon_core.environment:checking '/home/atlas.linux/Documents/Orion/orion_arm/install/px4_ros_com/bin'
[0.389s] Level 1:colcon.colcon_core.environment:checking '/home/atlas.linux/Documents/Orion/orion_arm/install/px4_ros_com/lib/pkgconfig/px4_ros_com.pc'
[0.389s] Level 1:colcon.colcon_core.environment:checking '/home/atlas.linux/Documents/Orion/orion_arm/install/px4_ros_com/lib/python3.10/site-packages'
[0.390s] Level 1:colcon.colcon_core.environment:checking '/home/atlas.linux/Documents/Orion/orion_arm/install/px4_ros_com/bin'
[0.390s] INFO:colcon.colcon_core.shell:Creating package script '/home/atlas.linux/Documents/Orion/orion_arm/install/px4_ros_com/share/px4_ros_com/package.ps1'
[0.390s] INFO:colcon.colcon_core.shell:Creating package descriptor '/home/atlas.linux/Documents/Orion/orion_arm/install/px4_ros_com/share/px4_ros_com/package.dsv'
[0.390s] INFO:colcon.colcon_core.shell:Creating package script '/home/atlas.linux/Documents/Orion/orion_arm/install/px4_ros_com/share/px4_ros_com/package.sh'
[0.391s] INFO:colcon.colcon_core.shell:Creating package script '/home/atlas.linux/Documents/Orion/orion_arm/install/px4_ros_com/share/px4_ros_com/package.bash'
[0.391s] INFO:colcon.colcon_core.shell:Creating package script '/home/atlas.linux/Documents/Orion/orion_arm/install/px4_ros_com/share/px4_ros_com/package.zsh'
[0.391s] Level 1:colcon.colcon_core.environment:create_file_with_runtime_dependencies(/home/atlas.linux/Documents/Orion/orion_arm/install/px4_ros_com/share/colcon-core/packages/px4_ros_com)
[0.392s] Level 1:colcon.colcon_core.environment:create_environment_scripts_only(px4_ros_com)
[0.392s] Level 1:colcon.colcon_core.environment:checking '/home/atlas.linux/Documents/Orion/orion_arm/install/px4_ros_com' for CMake module files
[0.392s] Level 1:colcon.colcon_core.environment:checking '/home/atlas.linux/Documents/Orion/orion_arm/install/px4_ros_com' for CMake config files
[0.393s] Level 1:colcon.colcon_core.shell:create_environment_hook('px4_ros_com', 'cmake_prefix_path')
[0.393s] INFO:colcon.colcon_core.shell:Creating environment hook '/home/atlas.linux/Documents/Orion/orion_arm/install/px4_ros_com/share/px4_ros_com/hook/cmake_prefix_path.ps1'
[0.393s] INFO:colcon.colcon_core.shell:Creating environment descriptor '/home/atlas.linux/Documents/Orion/orion_arm/install/px4_ros_com/share/px4_ros_com/hook/cmake_prefix_path.dsv'
[0.393s] INFO:colcon.colcon_core.shell:Creating environment hook '/home/atlas.linux/Documents/Orion/orion_arm/install/px4_ros_com/share/px4_ros_com/hook/cmake_prefix_path.sh'
[0.393s] Level 1:colcon.colcon_core.environment:checking '/home/atlas.linux/Documents/Orion/orion_arm/install/px4_ros_com/lib'
[0.393s] Level 1:colcon.colcon_core.shell:create_environment_hook('px4_ros_com', 'ld_library_path_lib')
[0.393s] INFO:colcon.colcon_core.shell:Creating environment hook '/home/atlas.linux/Documents/Orion/orion_arm/install/px4_ros_com/share/px4_ros_com/hook/ld_library_path_lib.ps1'
[0.394s] INFO:colcon.colcon_core.shell:Creating environment descriptor '/home/atlas.linux/Documents/Orion/orion_arm/install/px4_ros_com/share/px4_ros_com/hook/ld_library_path_lib.dsv'
[0.394s] INFO:colcon.colcon_core.shell:Creating environment hook '/home/atlas.linux/Documents/Orion/orion_arm/install/px4_ros_com/share/px4_ros_com/hook/ld_library_path_lib.sh'
[0.394s] Level 1:colcon.colcon_core.environment:checking '/home/atlas.linux/Documents/Orion/orion_arm/install/px4_ros_com/bin'
[0.394s] Level 1:colcon.colcon_core.environment:checking '/home/atlas.linux/Documents/Orion/orion_arm/install/px4_ros_com/lib/pkgconfig/px4_ros_com.pc'
[0.394s] Level 1:colcon.colcon_core.environment:checking '/home/atlas.linux/Documents/Orion/orion_arm/install/px4_ros_com/lib/python3.10/site-packages'
[0.394s] Level 1:colcon.colcon_core.environment:checking '/home/atlas.linux/Documents/Orion/orion_arm/install/px4_ros_com/bin'
[0.394s] INFO:colcon.colcon_core.shell:Creating package script '/home/atlas.linux/Documents/Orion/orion_arm/install/px4_ros_com/share/px4_ros_com/package.ps1'
[0.394s] INFO:colcon.colcon_core.shell:Creating package descriptor '/home/atlas.linux/Documents/Orion/orion_arm/install/px4_ros_com/share/px4_ros_com/package.dsv'
[0.395s] INFO:colcon.colcon_core.shell:Creating package script '/home/atlas.linux/Documents/Orion/orion_arm/install/px4_ros_com/share/px4_ros_com/package.sh'
[0.395s] INFO:colcon.colcon_core.shell:Creating package script '/home/atlas.linux/Documents/Orion/orion_arm/install/px4_ros_com/share/px4_ros_com/package.bash'
[0.395s] INFO:colcon.colcon_core.shell:Creating package script '/home/atlas.linux/Documents/Orion/orion_arm/install/px4_ros_com/share/px4_ros_com/package.zsh'
[0.395s] Level 1:colcon.colcon_core.environment:create_file_with_runtime_dependencies(/home/atlas.linux/Documents/Orion/orion_arm/install/px4_ros_com/share/colcon-core/packages/px4_ros_com)
[0.395s] DEBUG:colcon.colcon_parallel_executor.executor.parallel:closing loop
[0.396s] DEBUG:colcon.colcon_parallel_executor.executor.parallel:loop closed
[0.396s] DEBUG:colcon.colcon_parallel_executor.executor.parallel:run_until_complete finished with '0'
[0.396s] DEBUG:colcon.colcon_core.event_reactor:joining thread
[0.399s] INFO:colcon.colcon_core.plugin_system:Skipping extension 'colcon_notification.desktop_notification.terminal_notifier': Not used on non-Darwin systems
[0.399s] INFO:colcon.colcon_core.plugin_system:Skipping extension 'colcon_notification.desktop_notification.win32': Not used on non-Windows systems
[0.399s] INFO:colcon.colcon_notification.desktop_notification:Sending desktop notification using 'notify2'
[0.403s] DEBUG:colcon.colcon_core.event_reactor:joined thread
[0.403s] INFO:colcon.colcon_core.shell:Creating prefix script '/home/atlas.linux/Documents/Orion/orion_arm/install/local_setup.ps1'
[0.403s] INFO:colcon.colcon_core.shell:Creating prefix util module '/home/atlas.linux/Documents/Orion/orion_arm/install/_local_setup_util_ps1.py'
[0.404s] INFO:colcon.colcon_core.shell:Creating prefix chain script '/home/atlas.linux/Documents/Orion/orion_arm/install/setup.ps1'
[0.405s] INFO:colcon.colcon_core.shell:Creating prefix script '/home/atlas.linux/Documents/Orion/orion_arm/install/local_setup.sh'
[0.405s] INFO:colcon.colcon_core.shell:Creating prefix util module '/home/atlas.linux/Documents/Orion/orion_arm/install/_local_setup_util_sh.py'
[0.405s] INFO:colcon.colcon_core.shell:Creating prefix chain script '/home/atlas.linux/Documents/Orion/orion_arm/install/setup.sh'
[0.406s] INFO:colcon.colcon_core.shell:Creating prefix script '/home/atlas.linux/Documents/Orion/orion_arm/install/local_setup.bash'
[0.406s] INFO:colcon.colcon_core.shell:Creating prefix chain script '/home/atlas.linux/Documents/Orion/orion_arm/install/setup.bash'
[0.407s] INFO:colcon.colcon_core.shell:Creating prefix script '/home/atlas.linux/Documents/Orion/orion_arm/install/local_setup.zsh'
[0.407s] INFO:colcon.colcon_core.shell:Creating prefix chain script '/home/atlas.linux/Documents/Orion/orion_arm/install/setup.zsh'
