[0.007s] Invoking command in '/home/atlas.linux/Documents/Orion/orion_arm/build/px4_ros_com': AMENT_PREFIX_PATH=/home/atlas.linux/Documents/Orion/orion_arm/install/px4_msgs:${AMENT_PREFIX_PATH} CMAKE_PREFIX_PATH=/home/atlas.linux/Documents/Orion/orion_arm/install/px4_msgs:/opt/ros/humble LD_LIBRARY_PATH=/home/atlas.linux/Documents/Orion/orion_arm/install/px4_msgs/lib:${LD_LIBRARY_PATH} PYTHONPATH=/home/atlas.linux/Documents/Orion/orion_arm/install/px4_msgs/local/lib/python3.10/dist-packages:${PYTHONPATH} /usr/bin/cmake --build /home/atlas.linux/Documents/Orion/orion_arm/build/px4_ros_com -- -j10 -l10
[0.035s] [ 16%] Built target frame_transforms
[0.036s] [ 33%] Built target vehicle_gps_position_listener
[0.039s] [ 58%] Built target offboard_control
[0.039s] [ 66%] Built target debug_vect_advertiser
[0.043s] [ 83%] Built target sensor_combined_listener
[0.046s] [100%] Built target offboard_control_srv
[0.051s] [100%] Built target ament_cmake_python_copy_px4_ros_com
[0.162s] running egg_info
[0.163s] writing px4_ros_com.egg-info/PKG-INFO
[0.163s] writing dependency_links to px4_ros_com.egg-info/dependency_links.txt
[0.163s] writing top-level names to px4_ros_com.egg-info/top_level.txt
[0.164s] reading manifest file 'px4_ros_com.egg-info/SOURCES.txt'
[0.164s] writing manifest file 'px4_ros_com.egg-info/SOURCES.txt'
[0.179s] [100%] Built target ament_cmake_python_build_px4_ros_com_egg
[0.184s] Invoked command in '/home/atlas.linux/Documents/Orion/orion_arm/build/px4_ros_com' returned '0': AMENT_PREFIX_PATH=/home/atlas.linux/Documents/Orion/orion_arm/install/px4_msgs:${AMENT_PREFIX_PATH} CMAKE_PREFIX_PATH=/home/atlas.linux/Documents/Orion/orion_arm/install/px4_msgs:/opt/ros/humble LD_LIBRARY_PATH=/home/atlas.linux/Documents/Orion/orion_arm/install/px4_msgs/lib:${LD_LIBRARY_PATH} PYTHONPATH=/home/atlas.linux/Documents/Orion/orion_arm/install/px4_msgs/local/lib/python3.10/dist-packages:${PYTHONPATH} /usr/bin/cmake --build /home/atlas.linux/Documents/Orion/orion_arm/build/px4_ros_com -- -j10 -l10
[0.190s] Invoking command in '/home/atlas.linux/Documents/Orion/orion_arm/build/px4_ros_com': AMENT_PREFIX_PATH=/home/atlas.linux/Documents/Orion/orion_arm/install/px4_msgs:${AMENT_PREFIX_PATH} CMAKE_PREFIX_PATH=/home/atlas.linux/Documents/Orion/orion_arm/install/px4_msgs:/opt/ros/humble LD_LIBRARY_PATH=/home/atlas.linux/Documents/Orion/orion_arm/install/px4_msgs/lib:${LD_LIBRARY_PATH} PYTHONPATH=/home/atlas.linux/Documents/Orion/orion_arm/install/px4_msgs/local/lib/python3.10/dist-packages:${PYTHONPATH} /usr/bin/cmake --install /home/atlas.linux/Documents/Orion/orion_arm/build/px4_ros_com
[0.193s] -- Install configuration: ""
[0.193s] -- Up-to-date: /home/atlas.linux/Documents/Orion/orion_arm/install/px4_ros_com/include/px4_ros_com
[0.193s] -- Up-to-date: /home/atlas.linux/Documents/Orion/orion_arm/install/px4_ros_com/lib/libframe_transforms.so
[0.193s] -- Up-to-date: /home/atlas.linux/Documents/Orion/orion_arm/install/px4_ros_com/share/px4_ros_com//launch
[0.193s] -- Up-to-date: /home/atlas.linux/Documents/Orion/orion_arm/install/px4_ros_com/share/px4_ros_com//config
[0.193s] -- Up-to-date: /home/atlas.linux/Documents/Orion/orion_arm/install/px4_ros_com/share/px4_ros_com//test
[0.194s] -- Up-to-date: /home/atlas.linux/Documents/Orion/orion_arm/install/px4_ros_com/local/lib/python3.10/dist-packages/px4_ros_com-0.1.0-py3.10.egg-info
[0.194s] -- Up-to-date: /home/atlas.linux/Documents/Orion/orion_arm/install/px4_ros_com/local/lib/python3.10/dist-packages/px4_ros_com
[0.209s] Listing '/home/atlas.linux/Documents/Orion/orion_arm/install/px4_ros_com/local/lib/python3.10/dist-packages/px4_ros_com'...
[0.212s] -- Installing: /home/atlas.linux/Documents/Orion/orion_arm/install/px4_ros_com/share/px4_ros_com/package.dsv
[0.212s] -- Up-to-date: /home/atlas.linux/Documents/Orion/orion_arm/install/px4_ros_com/share/px4_ros_com/cmake/export_frame_transformsExport.cmake
[0.212s] -- Up-to-date: /home/atlas.linux/Documents/Orion/orion_arm/install/px4_ros_com/share/px4_ros_com/cmake/export_frame_transformsExport-noconfig.cmake
[0.214s] Invoked command in '/home/atlas.linux/Documents/Orion/orion_arm/build/px4_ros_com' returned '0': AMENT_PREFIX_PATH=/home/atlas.linux/Documents/Orion/orion_arm/install/px4_msgs:${AMENT_PREFIX_PATH} CMAKE_PREFIX_PATH=/home/atlas.linux/Documents/Orion/orion_arm/install/px4_msgs:/opt/ros/humble LD_LIBRARY_PATH=/home/atlas.linux/Documents/Orion/orion_arm/install/px4_msgs/lib:${LD_LIBRARY_PATH} PYTHONPATH=/home/atlas.linux/Documents/Orion/orion_arm/install/px4_msgs/local/lib/python3.10/dist-packages:${PYTHONPATH} /usr/bin/cmake --install /home/atlas.linux/Documents/Orion/orion_arm/build/px4_ros_com
