[0.005s] Invoking command in '/home/atlas.linux/Documents/Orion/orion_arm/build/px4_ros_com': CMAKE_PREFIX_PATH=/home/atlas.linux/Documents/Orion/orion_arm/install/px4_msgs:/home/atlas.linux/Documents/Orion/orion_arm/install/px4_ros_com:/opt/ros/humble LD_LIBRARY_PATH=/home/atlas.linux/Documents/Orion/orion_arm/install/px4_msgs/lib:/home/atlas.linux/Documents/Orion/orion_arm/install/px4_ros_com/lib:/opt/ros/humble/opt/rviz_ogre_vendor/lib:/opt/ros/humble/lib/aarch64-linux-gnu:/opt/ros/humble/lib /usr/bin/cmake /home/atlas.linux/Documents/Orion/orion_arm/src/px4_ros_com -DCMAKE_INSTALL_PREFIX=/home/atlas.linux/Documents/Orion/orion_arm/install/px4_ros_com
[0.033s] -- The C compiler identification is GNU 11.4.0
[0.062s] -- The CXX compiler identification is GNU 11.4.0
[0.066s] -- Detecting C compiler ABI info
[0.107s] -- Detecting C compiler ABI info - done
[0.110s] -- Check for working C compiler: /usr/bin/cc - skipped
[0.110s] -- Detecting C compile features
[0.111s] -- Detecting C compile features - done
[0.112s] -- Detecting CXX compiler ABI info
[0.150s] -- Detecting CXX compiler ABI info - done
[0.154s] -- Check for working CXX compiler: /usr/bin/c++ - skipped
[0.154s] -- Detecting CXX compile features
[0.155s] -- Detecting CXX compile features - done
[0.156s] -- Found ament_cmake: 1.3.12 (/opt/ros/humble/share/ament_cmake/cmake)
[0.232s] -- Found Python3: /usr/bin/python3 (found version "3.10.12") found components: Interpreter 
[0.275s] -- Found builtin_interfaces: 1.2.2 (/opt/ros/humble/share/builtin_interfaces/cmake)
[0.290s] -- Found rosidl_generator_c: 3.1.7 (/opt/ros/humble/share/rosidl_generator_c/cmake)
[0.293s] -- Found rosidl_adapter: 3.1.7 (/opt/ros/humble/share/rosidl_adapter/cmake)
[0.297s] -- Found rosidl_generator_cpp: 3.1.7 (/opt/ros/humble/share/rosidl_generator_cpp/cmake)
[0.302s] -- Using all available rosidl_typesupport_c: rosidl_typesupport_fastrtps_c;rosidl_typesupport_introspection_c
[0.310s] -- Using all available rosidl_typesupport_cpp: rosidl_typesupport_fastrtps_cpp;rosidl_typesupport_introspection_cpp
[0.317s] -- Found eigen3_cmake_module: 0.1.1 (/opt/ros/humble/share/eigen3_cmake_module/cmake)
[0.321s] -- Found Eigen3: TRUE (found version "3.4.0") 
[0.322s] -- Found geometry_msgs: 4.9.0 (/opt/ros/humble/share/geometry_msgs/cmake)
[0.336s] -- Found px4_msgs: 2.0.1 (/home/atlas.linux/Documents/Orion/orion_arm/install/px4_msgs/share/px4_msgs/cmake)
[0.343s] -- Found rclcpp: 16.0.14 (/opt/ros/humble/share/rclcpp/cmake)
[0.362s] -- Found rmw_implementation_cmake: 6.1.2 (/opt/ros/humble/share/rmw_implementation_cmake/cmake)
[0.363s] -- Found rmw_fastrtps_cpp: 6.2.8 (/opt/ros/humble/share/rmw_fastrtps_cpp/cmake)
[0.409s] -- Found OpenSSL: /usr/lib/aarch64-linux-gnu/libcrypto.so (found version "3.0.2")  
[0.425s] -- Found FastRTPS: /opt/ros/humble/include  
[0.447s] -- Using RMW implementation 'rmw_fastrtps_cpp' as default
[0.451s] -- Looking for pthread.h
[0.488s] -- Looking for pthread.h - found
[0.488s] -- Performing Test CMAKE_HAVE_LIBC_PTHREAD
[0.527s] -- Performing Test CMAKE_HAVE_LIBC_PTHREAD - Success
[0.528s] -- Found Threads: TRUE  
[0.549s] -- Found sensor_msgs: 4.9.0 (/opt/ros/humble/share/sensor_msgs/cmake)
[0.559s] -- Found rclpy: 3.3.17 (/opt/ros/humble/share/rclpy/cmake)
[0.559s] -- Found visualization_msgs: 4.9.0 (/opt/ros/humble/share/visualization_msgs/cmake)
[0.574s] -- Found ament_lint_auto: 0.12.14 (/opt/ros/humble/share/ament_lint_auto/cmake)
[0.626s] -- Added test 'copyright' to check source files copyright and LICENSE
[0.628s] -- Added test 'cppcheck' to perform static code analysis on C / C++ code
[0.628s] -- Configured cppcheck include dirs: /home/atlas.linux/Documents/Orion/orion_arm/src/px4_ros_com/include;$<BUILD_INTERFACE:/home/atlas.linux/Documents/Orion/orion_arm/src/px4_ros_com/include/px4_ros_com>
[0.628s] -- Configured cppcheck exclude dirs and/or files: 
[0.630s] -- Added test 'cpplint' to check C / C++ code against the Google style
[0.630s] -- Configured cpplint exclude dirs and/or files: 
[0.631s] -- Added test 'flake8' to check Python code syntax and style conventions
[0.632s] -- Added test 'lint_cmake' to check CMake code style
[0.632s] -- Added test 'pep257' to check Python code against some of the docstring style conventions in PEP 257
[0.634s] -- Added test 'uncrustify' to check C / C++ code style
[0.634s] -- Configured uncrustify additional arguments: 
[0.634s] -- Added test 'xmllint' to check XML markup files
[0.635s] -- Configuring done
[0.650s] -- Generating done
[0.654s] -- Build files have been written to: /home/atlas.linux/Documents/Orion/orion_arm/build/px4_ros_com
[0.660s] Invoked command in '/home/atlas.linux/Documents/Orion/orion_arm/build/px4_ros_com' returned '0': CMAKE_PREFIX_PATH=/home/atlas.linux/Documents/Orion/orion_arm/install/px4_msgs:/home/atlas.linux/Documents/Orion/orion_arm/install/px4_ros_com:/opt/ros/humble LD_LIBRARY_PATH=/home/atlas.linux/Documents/Orion/orion_arm/install/px4_msgs/lib:/home/atlas.linux/Documents/Orion/orion_arm/install/px4_ros_com/lib:/opt/ros/humble/opt/rviz_ogre_vendor/lib:/opt/ros/humble/lib/aarch64-linux-gnu:/opt/ros/humble/lib /usr/bin/cmake /home/atlas.linux/Documents/Orion/orion_arm/src/px4_ros_com -DCMAKE_INSTALL_PREFIX=/home/atlas.linux/Documents/Orion/orion_arm/install/px4_ros_com
[0.661s] Invoking command in '/home/atlas.linux/Documents/Orion/orion_arm/build/px4_ros_com': CMAKE_PREFIX_PATH=/home/atlas.linux/Documents/Orion/orion_arm/install/px4_msgs:/home/atlas.linux/Documents/Orion/orion_arm/install/px4_ros_com:/opt/ros/humble LD_LIBRARY_PATH=/home/atlas.linux/Documents/Orion/orion_arm/install/px4_msgs/lib:/home/atlas.linux/Documents/Orion/orion_arm/install/px4_ros_com/lib:/opt/ros/humble/opt/rviz_ogre_vendor/lib:/opt/ros/humble/lib/aarch64-linux-gnu:/opt/ros/humble/lib /usr/bin/cmake --build /home/atlas.linux/Documents/Orion/orion_arm/build/px4_ros_com -- -j10 -l10
[0.694s] [35m[1mConsolidate compiler generated dependencies of target offboard_control[0m
[0.694s] [35m[1mConsolidate compiler generated dependencies of target sensor_combined_listener[0m
[0.694s] [35m[1mConsolidate compiler generated dependencies of target debug_vect_advertiser[0m
[0.694s] [35m[1mConsolidate compiler generated dependencies of target vehicle_gps_position_listener[0m
[0.699s] [35m[1mConsolidate compiler generated dependencies of target frame_transforms[0m
[0.702s] [ 16%] [32m[1mLinking CXX executable offboard_control[0m
[0.702s] [ 16%] [32m[1mLinking CXX executable debug_vect_advertiser[0m
[0.703s] [ 25%] [32m[1mLinking CXX executable sensor_combined_listener[0m
[0.708s] [35m[1mConsolidate compiler generated dependencies of target offboard_control_srv[0m
[0.711s] [ 33%] [32m[1mLinking CXX executable vehicle_gps_position_listener[0m
[0.719s] [ 33%] Built target ament_cmake_python_copy_px4_ros_com
[0.722s] [ 41%] [32m[1mLinking CXX executable offboard_control_srv[0m
[0.723s] [ 58%] Built target frame_transforms
[0.843s] [ 66%] Built target debug_vect_advertiser
[0.853s] [ 75%] Built target offboard_control
[0.854s] running egg_info
[0.854s] writing px4_ros_com.egg-info/PKG-INFO
[0.854s] writing dependency_links to px4_ros_com.egg-info/dependency_links.txt
[0.854s] writing top-level names to px4_ros_com.egg-info/top_level.txt
[0.855s] reading manifest file 'px4_ros_com.egg-info/SOURCES.txt'
[0.855s] writing manifest file 'px4_ros_com.egg-info/SOURCES.txt'
[0.870s] [ 75%] Built target ament_cmake_python_build_px4_ros_com_egg
[0.871s] [ 83%] Built target offboard_control_srv
[0.951s] [ 91%] Built target vehicle_gps_position_listener
[0.953s] [100%] Built target sensor_combined_listener
[0.958s] Invoked command in '/home/atlas.linux/Documents/Orion/orion_arm/build/px4_ros_com' returned '0': CMAKE_PREFIX_PATH=/home/atlas.linux/Documents/Orion/orion_arm/install/px4_msgs:/home/atlas.linux/Documents/Orion/orion_arm/install/px4_ros_com:/opt/ros/humble LD_LIBRARY_PATH=/home/atlas.linux/Documents/Orion/orion_arm/install/px4_msgs/lib:/home/atlas.linux/Documents/Orion/orion_arm/install/px4_ros_com/lib:/opt/ros/humble/opt/rviz_ogre_vendor/lib:/opt/ros/humble/lib/aarch64-linux-gnu:/opt/ros/humble/lib /usr/bin/cmake --build /home/atlas.linux/Documents/Orion/orion_arm/build/px4_ros_com -- -j10 -l10
[0.959s] Invoking command in '/home/atlas.linux/Documents/Orion/orion_arm/build/px4_ros_com': CMAKE_PREFIX_PATH=/home/atlas.linux/Documents/Orion/orion_arm/install/px4_msgs:/home/atlas.linux/Documents/Orion/orion_arm/install/px4_ros_com:/opt/ros/humble LD_LIBRARY_PATH=/home/atlas.linux/Documents/Orion/orion_arm/install/px4_msgs/lib:/home/atlas.linux/Documents/Orion/orion_arm/install/px4_ros_com/lib:/opt/ros/humble/opt/rviz_ogre_vendor/lib:/opt/ros/humble/lib/aarch64-linux-gnu:/opt/ros/humble/lib /usr/bin/cmake --install /home/atlas.linux/Documents/Orion/orion_arm/build/px4_ros_com
[0.963s] -- Install configuration: ""
[0.963s] -- Up-to-date: /home/atlas.linux/Documents/Orion/orion_arm/install/px4_ros_com/include/px4_ros_com
[0.963s] -- Up-to-date: /home/atlas.linux/Documents/Orion/orion_arm/install/px4_ros_com/lib/libframe_transforms.so
[0.963s] -- Up-to-date: /home/atlas.linux/Documents/Orion/orion_arm/install/px4_ros_com/share/px4_ros_com//launch
[0.963s] -- Up-to-date: /home/atlas.linux/Documents/Orion/orion_arm/install/px4_ros_com/share/px4_ros_com//config
[0.963s] -- Up-to-date: /home/atlas.linux/Documents/Orion/orion_arm/install/px4_ros_com/share/px4_ros_com//test
[0.963s] -- Up-to-date: /home/atlas.linux/Documents/Orion/orion_arm/install/px4_ros_com/local/lib/python3.10/dist-packages/px4_ros_com-0.1.0-py3.10.egg-info
[0.963s] -- Up-to-date: /home/atlas.linux/Documents/Orion/orion_arm/install/px4_ros_com/local/lib/python3.10/dist-packages/px4_ros_com
[0.978s] Listing '/home/atlas.linux/Documents/Orion/orion_arm/install/px4_ros_com/local/lib/python3.10/dist-packages/px4_ros_com'...
[0.981s] -- Installing: /home/atlas.linux/Documents/Orion/orion_arm/install/px4_ros_com/share/px4_ros_com/package.dsv
[0.982s] -- Up-to-date: /home/atlas.linux/Documents/Orion/orion_arm/install/px4_ros_com/share/px4_ros_com/cmake/export_frame_transformsExport.cmake
[0.982s] -- Up-to-date: /home/atlas.linux/Documents/Orion/orion_arm/install/px4_ros_com/share/px4_ros_com/cmake/export_frame_transformsExport-noconfig.cmake
[0.983s] Invoked command in '/home/atlas.linux/Documents/Orion/orion_arm/build/px4_ros_com' returned '0': CMAKE_PREFIX_PATH=/home/atlas.linux/Documents/Orion/orion_arm/install/px4_msgs:/home/atlas.linux/Documents/Orion/orion_arm/install/px4_ros_com:/opt/ros/humble LD_LIBRARY_PATH=/home/atlas.linux/Documents/Orion/orion_arm/install/px4_msgs/lib:/home/atlas.linux/Documents/Orion/orion_arm/install/px4_ros_com/lib:/opt/ros/humble/opt/rviz_ogre_vendor/lib:/opt/ros/humble/lib/aarch64-linux-gnu:/opt/ros/humble/lib /usr/bin/cmake --install /home/atlas.linux/Documents/Orion/orion_arm/build/px4_ros_com
